Feb 24 15:12:31 centos1 postfix/pickup[7004]: C156E1ADB: uid=500 from=<admin>
Feb 24 15:12:31 centos1 postfix/cleanup[7794]: C156E1ADB: message-id=<20130224201231.C156E1ADB@centos1.localdomain>
Feb 24 15:12:31 centos1 postfix/qmgr[2101]: C156E1ADB: from=<admin@centos1.localdomain>, size=439, nrcpt=1 (queue active)
Feb 24 15:12:32 centos1 postfix/smtp[7796]: C156E1ADB: lost connection with mta6.am0.yahoodns.net[98.136.216.25] while performing the HELO handshake
Feb 24 15:12:33 centos1 postfix/smtp[7796]: C156E1ADB: to=<biztraumer@yahoo.com>, relay=mta6.am0.yahoodns.net[66.196.118.33]:25, delay=1.3, delays=0.17/0.06/1/0.08, dsn=2.0.0, status=sent (250 Mail queued for delivery.)
Feb 24 15:12:33 centos1 postfix/qmgr[2101]: C156E1ADB: removed
Feb 24 15:13:07 centos1 postfix/pickup[7004]: CD4CE1ADC: uid=500 from=<admin>
Feb 24 15:13:07 centos1 postfix/cleanup[7794]: CD4CE1ADC: message-id=<20130224201307.CD4CE1ADC@centos1.localdomain>
Feb 24 15:13:07 centos1 postfix/qmgr[2101]: CD4CE1ADC: from=<admin@centos1.localdomain>, size=453, nrcpt=1 (queue active)
Feb 24 15:13:08 centos1 postfix/smtp[7796]: CD4CE1ADC: lost connection with mta6.am0.yahoodns.net[66.196.118.36] while performing the HELO handshake
Feb 24 15:13:08 centos1 postfix/smtp[7796]: CD4CE1ADC: lost connection with mta6.am0.yahoodns.net[98.136.216.25] while performing the HELO handshake
Feb 24 15:13:08 centos1 postfix/smtp[7796]: CD4CE1ADC: host mta5.am0.yahoodns.net[66.196.118.34] refused to talk to me: 553 5.7.1 [BL21] Connections will not be accepted from 24.34.204.22, because the ip is in Spamhaus's list; see http://postmaster.yahoo.com/550-bl23.html
Feb 24 15:13:08 centos1 postfix/smtp[7796]: CD4CE1ADC: host mta7.am0.yahoodns.net[66.196.118.34] refused to talk to me: 553 5.7.1 [BL21] Connections will not be accepted from 24.34.204.22, because the ip is in Spamhaus's list; see http://postmaster.yahoo.com/550-bl23.html
Feb 24 15:13:09 centos1 postfix/smtp[7796]: CD4CE1ADC: to=<biztraumer@yahoo.com>, relay=mta7.am0.yahoodns.net[98.138.112.38]:25, delay=1.2, delays=0.09/0.03/1.1/0, dsn=4.7.1, status=deferred (host mta7.am0.yahoodns.net[98.138.112.38] refused to talk to me: 553 5.7.1 [BL21] Connections will not be accepted from 24.34.204.22, because the ip is in Spamhaus's list; see http://postmaster.yahoo.com/550-bl23.html)
Feb 24 15:15:03 centos1 postfix/pickup[7004]: C5D931AE0: uid=500 from=<admin>
Feb 24 15:15:03 centos1 postfix/cleanup[7842]: C5D931AE0: message-id=<20130224201503.C5D931AE0@centos1.localdomain>
Feb 24 15:15:03 centos1 postfix/qmgr[2101]: C5D931AE0: from=<admin@centos1.localdomain>, size=672, nrcpt=1 (queue active)
Feb 24 15:15:04 centos1 postfix/smtp[7844]: C5D931AE0: host mta6.am0.yahoodns.net[98.138.112.38] refused to talk to me: 553 5.7.1 [BL21] Connections will not be accepted from 24.34.204.22, because the ip is in Spamhaus's list; see http://postmaster.yahoo.com/550-bl23.html
Feb 24 15:15:04 centos1 postfix/smtp[7844]: C5D931AE0: host mta6.am0.yahoodns.net[66.196.118.34] refused to talk to me: 553 5.7.1 [BL21] Connections will not be accepted from 24.34.204.22, because the ip is in Spamhaus's list; see http://postmaster.yahoo.com/550-bl23.html
Feb 24 15:15:04 centos1 postfix/smtp[7844]: C5D931AE0: host mta7.am0.yahoodns.net[74.6.136.244] refused to talk to me: 553 5.7.1 [BL21] Connections will not be accepted from 24.34.204.22, because the ip is in Spamhaus's list; see http://postmaster.yahoo.com/550-bl23.html
Feb 24 15:15:04 centos1 postfix/smtp[7844]: C5D931AE0: host mta5.am0.yahoodns.net[98.136.217.202] refused to talk to me: 553 5.7.1 [BL21] Connections will not be accepted from 24.34.204.22, because the ip is in Spamhaus's list; see http://postmaster.yahoo.com/550-bl23.html
Feb 24 15:15:04 centos1 postfix/smtp[7844]: C5D931AE0: to=<biztraumer@yahoo.com>, relay=mta6.am0.yahoodns.net[66.94.237.139]:25, delay=1.1, delays=0.11/0.01/1/0, dsn=4.7.1, status=deferred (host mta6.am0.yahoodns.net[66.94.237.139] refused to talk to me: 553 5.7.1 [BL21] Connections will not be accepted from 24.34.204.22, because the ip is in Spamhaus's list; see http://postmaster.yahoo.com/550-bl23.html)
Feb 24 15:20:57 centos1 postfix/qmgr[2101]: CD4CE1ADC: from=<admin@centos1.localdomain>, size=453, nrcpt=1 (queue active)
Feb 24 15:20:57 centos1 postfix/qmgr[2101]: C5D931AE0: from=<admin@centos1.localdomain>, size=672, nrcpt=1 (queue active)
Feb 24 15:20:57 centos1 postfix/smtp[7979]: C5D931AE0: host mta7.am0.yahoodns.net[98.139.54.60] refused to talk to me: 553 5.7.1 [BL21] Connections will not be accepted from 24.34.204.22, because the ip is in Spamhaus's list; see http://postmaster.yahoo.com/550-bl23.html
Feb 24 15:20:57 centos1 postfix/smtp[7979]: C5D931AE0: host mta7.am0.yahoodns.net[66.196.118.35] refused to talk to me: 553 5.7.1 [BL21] Connections will not be accepted from 24.34.204.22, because the ip is in Spamhaus's list; see http://postmaster.yahoo.com/550-bl23.html
Feb 24 15:20:57 centos1 postfix/smtp[7978]: CD4CE1ADC: host mta5.am0.yahoodns.net[98.136.217.202] refused to talk to me: 553 5.7.1 [BL21] Connections will not be accepted from 24.34.204.22, because the ip is in Spamhaus's list; see http://postmaster.yahoo.com/550-bl23.html
Feb 24 15:20:57 centos1 postfix/smtp[7979]: C5D931AE0: host mta6.am0.yahoodns.net[66.94.238.147] refused to talk to me: 553 5.7.1 [BL21] Connections will not be accepted from 24.34.204.22, because the ip is in Spamhaus's list; see http://postmaster.yahoo.com/550-bl23.html
Feb 24 15:20:57 centos1 postfix/smtp[7979]: C5D931AE0: host mta6.am0.yahoodns.net[98.139.54.60] refused to talk to me: 553 5.7.1 [BL21] Connections will not be accepted from 24.34.204.22, because the ip is in Spamhaus's list; see http://postmaster.yahoo.com/550-bl23.html
Feb 24 15:20:57 centos1 postfix/smtp[7978]: CD4CE1ADC: host mta7.am0.yahoodns.net[66.94.237.64] refused to talk to me: 553 5.7.1 [BL21] Connections will not be accepted from 24.34.204.22, because the ip is in Spamhaus's list; see http://postmaster.yahoo.com/550-bl23.html
Feb 24 15:20:57 centos1 postfix/smtp[7979]: C5D931AE0: to=<biztraumer@yahoo.com>, relay=mta7.am0.yahoodns.net[66.196.118.36]:25, delay=354, delays=354/0.02/0.6/0, dsn=4.7.1, status=deferred (host mta7.am0.yahoodns.net[66.196.118.36] refused to talk to me: 553 5.7.1 [BL21] Connections will not be accepted from 24.34.204.22, because the ip is in Spamhaus's list; see http://postmaster.yahoo.com/550-bl23.html)
Feb 24 15:20:57 centos1 postfix/smtp[7978]: CD4CE1ADC: host mta5.am0.yahoodns.net[66.196.118.33] refused to talk to me: 553 5.7.1 [BL21] Connections will not be accepted from 24.34.204.22, because the ip is in Spamhaus's list; see http://postmaster.yahoo.com/550-bl23.html
Feb 24 15:20:58 centos1 postfix/smtp[7978]: CD4CE1ADC: host mta5.am0.yahoodns.net[98.136.216.25] refused to talk to me: 553 5.7.1 [BL21] Connections will not be accepted from 24.34.204.22, because the ip is in Spamhaus's list; see http://postmaster.yahoo.com/550-bl23.html
Feb 24 15:20:58 centos1 postfix/smtp[7978]: CD4CE1ADC: to=<biztraumer@yahoo.com>, relay=mta6.am0.yahoodns.net[98.138.112.38]:25, delay=471, delays=469/0.03/1.2/0, dsn=4.7.1, status=deferred (host mta6.am0.yahoodns.net[98.138.112.38] refused to talk to me: 553 5.7.1 [BL21] Connections will not be accepted from 24.34.204.22, because the ip is in Spamhaus's list; see http://postmaster.yahoo.com/550-bl23.html)
Feb 24 15:21:36 centos1 postfix/postfix-script[8001]: error: unknown command: ''
Feb 24 15:21:36 centos1 postfix/postfix-script[8002]: fatal: usage: postfix start (or stop, reload, abort, flush, check, status, set-permissions, upgrade-configuration)
Feb 24 15:24:21 centos1 postfix/pickup[7004]: 45F9D1AE1: uid=0 from=<root>
Feb 24 15:24:21 centos1 postfix/cleanup[8050]: 45F9D1AE1: message-id=<20130224202421.45F9D1AE1@centos1.localdomain>
Feb 24 15:24:21 centos1 postfix/qmgr[2101]: 45F9D1AE1: from=<root@centos1.localdomain>, size=684, nrcpt=1 (queue active)
Feb 24 15:24:21 centos1 postfix/smtp[8052]: 45F9D1AE1: host mta6.am0.yahoodns.net[98.136.216.26] refused to talk to me: 553 5.7.1 [BL21] Connections will not be accepted from 24.34.204.22, because the ip is in Spamhaus's list; see http://postmaster.yahoo.com/550-bl23.html
Feb 24 15:24:21 centos1 postfix/smtp[8052]: 45F9D1AE1: host mta6.am0.yahoodns.net[66.94.238.147] refused to talk to me: 553 5.7.1 [BL21] Connections will not be accepted from 24.34.204.22, because the ip is in Spamhaus's list; see http://postmaster.yahoo.com/550-bl23.html
Feb 24 15:24:22 centos1 postfix/smtp[8052]: 45F9D1AE1: host mta5.am0.yahoodns.net[98.136.216.26] refused to talk to me: 553 5.7.1 [BL21] Connections will not be accepted from 24.34.204.22, because the ip is in Spamhaus's list; see http://postmaster.yahoo.com/550-bl23.html
Feb 24 15:24:22 centos1 postfix/smtp[8052]: 45F9D1AE1: host mta5.am0.yahoodns.net[67.195.168.230] refused to talk to me: 553 5.7.1 [BL21] Connections will not be accepted from 24.34.204.22, because the ip is in Spamhaus's list; see http://postmaster.yahoo.com/550-bl23.html
Feb 24 15:24:22 centos1 postfix/smtp[8052]: 45F9D1AE1: to=<biztraumer@yahoo.com>, relay=mta5.am0.yahoodns.net[66.196.118.33]:25, delay=0.94, delays=0.07/0.01/0.86/0, dsn=4.7.1, status=deferred (host mta5.am0.yahoodns.net[66.196.118.33] refused to talk to me: 553 5.7.1 [BL21] Connections will not be accepted from 24.34.204.22, because the ip is in Spamhaus's list; see http://postmaster.yahoo.com/550-bl23.html)
Feb 24 15:24:53 centos1 postfix/pickup[7004]: DE6841F07: uid=0 from=<root>
Feb 24 15:24:53 centos1 postfix/cleanup[8050]: DE6841F07: message-id=<20130224202453.DE6841F07@centos1.localdomain>
Feb 24 15:24:53 centos1 postfix/qmgr[2101]: DE6841F07: from=<root@centos1.localdomain>, size=460, nrcpt=1 (queue active)
Feb 24 15:24:54 centos1 postfix/smtp[8052]: DE6841F07: host mta7.am0.yahoodns.net[98.139.54.60] refused to talk to me: 553 5.7.1 [BL21] Connections will not be accepted from 24.34.204.22, because the ip is in Spamhaus's list; see http://postmaster.yahoo.com/550-bl23.html
Feb 24 15:24:54 centos1 postfix/smtp[8052]: DE6841F07: host mta7.am0.yahoodns.net[66.94.238.147] refused to talk to me: 553 5.7.1 [BL21] Connections will not be accepted from 24.34.204.22, because the ip is in Spamhaus's list; see http://postmaster.yahoo.com/550-bl23.html
Feb 24 15:24:54 centos1 postfix/smtp[8052]: DE6841F07: host mta7.am0.yahoodns.net[66.196.118.34] refused to talk to me: 553 5.7.1 [BL21] Connections will not be accepted from 24.34.204.22, because the ip is in Spamhaus's list; see http://postmaster.yahoo.com/550-bl23.html
Feb 24 15:24:54 centos1 postfix/smtp[8052]: DE6841F07: host mta5.am0.yahoodns.net[98.139.54.60] refused to talk to me: 553 5.7.1 [BL21] Connections will not be accepted from 24.34.204.22, because the ip is in Spamhaus's list; see http://postmaster.yahoo.com/550-bl23.html
Feb 24 15:24:54 centos1 postfix/smtp[8052]: DE6841F07: to=<biztraumer@yahoo.com>, relay=mta5.am0.yahoodns.net[66.196.118.33]:25, delay=0.59, delays=0.03/0/0.57/0, dsn=4.7.1, status=deferred (host mta5.am0.yahoodns.net[66.196.118.33] refused to talk to me: 553 5.7.1 [BL21] Connections will not be accepted from 24.34.204.22, because the ip is in Spamhaus's list; see http://postmaster.yahoo.com/550-bl23.html)
Feb 24 15:27:29 centos1 sendmail[8146]: alias database /etc/aliases rebuilt by admin
Feb 24 15:27:29 centos1 sendmail[8146]: /etc/aliases: 76 aliases, longest 10 bytes, 765 bytes total
Feb 24 15:30:57 centos1 postfix/qmgr[2101]: 45F9D1AE1: from=<root@centos1.localdomain>, size=684, nrcpt=1 (queue active)
Feb 24 15:30:57 centos1 postfix/qmgr[2101]: DE6841F07: from=<root@centos1.localdomain>, size=460, nrcpt=1 (queue active)
Feb 24 15:30:57 centos1 postfix/qmgr[2101]: CD4CE1ADC: from=<admin@centos1.localdomain>, size=453, nrcpt=1 (queue active)
Feb 24 15:30:57 centos1 postfix/qmgr[2101]: C5D931AE0: from=<admin@centos1.localdomain>, size=672, nrcpt=1 (queue active)
Feb 24 15:30:57 centos1 postfix/smtp[8217]: 45F9D1AE1: host mta7.am0.yahoodns.net[67.195.168.230] refused to talk to me: 553 5.7.1 [BL21] Connections will not be accepted from 24.34.204.22, because the ip is in Spamhaus's list; see http://postmaster.yahoo.com/550-bl23.html
Feb 24 15:30:57 centos1 postfix/smtp[8219]: CD4CE1ADC: host mta6.am0.yahoodns.net[67.195.168.230] refused to talk to me: 553 5.7.1 [BL21] Connections will not be accepted from 24.34.204.22, because the ip is in Spamhaus's list; see http://postmaster.yahoo.com/550-bl23.html
Feb 24 15:30:57 centos1 postfix/smtp[8219]: CD4CE1ADC: host mta6.am0.yahoodns.net[66.196.118.36] refused to talk to me: 553 5.7.1 [BL21] Connections will not be accepted from 24.34.204.22, because the ip is in Spamhaus's list; see http://postmaster.yahoo.com/550-bl23.html
Feb 24 15:30:57 centos1 postfix/smtp[8220]: C5D931AE0: host mta7.am0.yahoodns.net[66.94.238.147] refused to talk to me: 553 5.7.1 [BL21] Connections will not be accepted from 24.34.204.22, because the ip is in Spamhaus's list; see http://postmaster.yahoo.com/550-bl23.html
Feb 24 15:30:57 centos1 postfix/smtp[8219]: CD4CE1ADC: host mta7.am0.yahoodns.net[67.195.168.230] refused to talk to me: 553 5.7.1 [BL21] Connections will not be accepted from 24.34.204.22, because the ip is in Spamhaus's list; see http://postmaster.yahoo.com/550-bl23.html
Feb 24 15:30:57 centos1 postfix/smtp[8218]: DE6841F07: host mta5.am0.yahoodns.net[98.136.216.25] refused to talk to me: 553 5.7.1 [BL21] Connections will not be accepted from 24.34.204.22, because the ip is in Spamhaus's list; see http://postmaster.yahoo.com/550-bl23.html
Feb 24 15:30:57 centos1 postfix/smtp[8217]: 45F9D1AE1: host mta6.am0.yahoodns.net[98.136.216.25] refused to talk to me: 553 5.7.1 [BL21] Connections will not be accepted from 24.34.204.22, because the ip is in Spamhaus's list; see http://postmaster.yahoo.com/550-bl23.html
Feb 24 15:30:57 centos1 postfix/smtp[8218]: DE6841F07: host mta5.am0.yahoodns.net[66.196.118.35] refused to talk to me: 553 5.7.1 [BL21] Connections will not be accepted from 24.34.204.22, because the ip is in Spamhaus's list; see http://postmaster.yahoo.com/550-bl23.html
Feb 24 15:30:57 centos1 postfix/smtp[8217]: 45F9D1AE1: host mta6.am0.yahoodns.net[66.196.118.34] refused to talk to me: 553 5.7.1 [BL21] Connections will not be accepted from 24.34.204.22, because the ip is in Spamhaus's list; see http://postmaster.yahoo.com/550-bl23.html
Feb 24 15:30:57 centos1 postfix/smtp[8220]: C5D931AE0: host mta5.am0.yahoodns.net[98.136.216.25] refused to talk to me: 553 5.7.1 [BL21] Connections will not be accepted from 24.34.204.22, because the ip is in Spamhaus's list; see http://postmaster.yahoo.com/550-bl23.html
Feb 24 15:30:57 centos1 postfix/smtp[8219]: CD4CE1ADC: host mta6.am0.yahoodns.net[98.138.112.38] refused to talk to me: 553 5.7.1 [BL21] Connections will not be accepted from 24.34.204.22, because the ip is in Spamhaus's list; see http://postmaster.yahoo.com/550-bl23.html
Feb 24 15:30:57 centos1 postfix/smtp[8217]: 45F9D1AE1: host mta7.am0.yahoodns.net[66.196.118.34] refused to talk to me: 553 5.7.1 [BL21] Connections will not be accepted from 24.34.204.22, because the ip is in Spamhaus's list; see http://postmaster.yahoo.com/550-bl23.html
Feb 24 15:30:57 centos1 postfix/smtp[8218]: DE6841F07: host mta5.am0.yahoodns.net[74.6.136.244] refused to talk to me: 553 5.7.1 [BL21] Connections will not be accepted from 24.34.204.22, because the ip is in Spamhaus's list; see http://postmaster.yahoo.com/550-bl23.html
Feb 24 15:30:57 centos1 postfix/smtp[8219]: CD4CE1ADC: to=<biztraumer@yahoo.com>, relay=mta5.am0.yahoodns.net[66.196.118.35]:25, delay=1070, delays=1069/0.02/0.62/0, dsn=4.7.1, status=deferred (host mta5.am0.yahoodns.net[66.196.118.35] refused to talk to me: 553 5.7.1 [BL21] Connections will not be accepted from 24.34.204.22, because the ip is in Spamhaus's list; see http://postmaster.yahoo.com/550-bl23.html)
Feb 24 15:30:57 centos1 postfix/smtp[8220]: C5D931AE0: host mta7.am0.yahoodns.net[98.136.216.26] refused to talk to me: 553 5.7.1 [BL21] Connections will not be accepted from 24.34.204.22, because the ip is in Spamhaus's list; see http://postmaster.yahoo.com/550-bl23.html
Feb 24 15:30:57 centos1 postfix/smtp[8217]: 45F9D1AE1: to=<biztraumer@yahoo.com>, relay=mta7.am0.yahoodns.net[66.196.118.33]:25, delay=397, delays=396/0.02/0.67/0, dsn=4.7.1, status=deferred (host mta7.am0.yahoodns.net[66.196.118.33] refused to talk to me: 553 5.7.1 [BL21] Connections will not be accepted from 24.34.204.22, because the ip is in Spamhaus's list; see http://postmaster.yahoo.com/550-bl23.html)
Feb 24 15:30:58 centos1 postfix/smtp[8220]: C5D931AE0: host mta7.am0.yahoodns.net[66.94.237.139] refused to talk to me: 553 5.7.1 [BL21] Connections will not be accepted from 24.34.204.22, because the ip is in Spamhaus's list; see http://postmaster.yahoo.com/550-bl23.html
Feb 24 15:30:58 centos1 postfix/smtp[8220]: C5D931AE0: to=<biztraumer@yahoo.com>, relay=mta7.am0.yahoodns.net[66.196.118.35]:25, delay=954, delays=953/0.04/0.93/0, dsn=4.7.1, status=deferred (host mta7.am0.yahoodns.net[66.196.118.35] refused to talk to me: 553 5.7.1 [BL21] Connections will not be accepted from 24.34.204.22, because the ip is in Spamhaus's list; see http://postmaster.yahoo.com/550-bl23.html)
Feb 24 15:30:58 centos1 postfix/smtp[8218]: DE6841F07: host mta7.am0.yahoodns.net[66.196.118.36] refused to talk to me: 553 5.7.1 [BL21] Connections will not be accepted from 24.34.204.22, because the ip is in Spamhaus's list; see http://postmaster.yahoo.com/550-bl23.html
Feb 24 15:30:58 centos1 postfix/smtp[8218]: DE6841F07: to=<biztraumer@yahoo.com>, relay=mta6.am0.yahoodns.net[66.196.118.35]:25, delay=364, delays=363/0.02/1.1/0, dsn=4.7.1, status=deferred (host mta6.am0.yahoodns.net[66.196.118.35] refused to talk to me: 553 5.7.1 [BL21] Connections will not be accepted from 24.34.204.22, because the ip is in Spamhaus's list; see http://postmaster.yahoo.com/550-bl23.html)
Feb 24 15:40:57 centos1 postfix/qmgr[2101]: 45F9D1AE1: from=<root@centos1.localdomain>, size=684, nrcpt=1 (queue active)
Feb 24 15:40:57 centos1 postfix/qmgr[2101]: DE6841F07: from=<root@centos1.localdomain>, size=460, nrcpt=1 (queue active)
Feb 24 15:40:57 centos1 postfix/smtp[8385]: 45F9D1AE1: host mta7.am0.yahoodns.net[66.196.118.36] refused to talk to me: 553 5.7.1 [BL21] Connections will not be accepted from 24.34.204.22, because the ip is in Spamhaus's list; see http://postmaster.yahoo.com/550-bl23.html
Feb 24 15:40:57 centos1 postfix/smtp[8386]: DE6841F07: host mta7.am0.yahoodns.net[66.196.118.35] refused to talk to me: 553 5.7.1 [BL21] Connections will not be accepted from 24.34.204.22, because the ip is in Spamhaus's list; see http://postmaster.yahoo.com/550-bl23.html
Feb 24 15:40:57 centos1 postfix/smtp[8386]: DE6841F07: host mta5.am0.yahoodns.net[66.94.237.64] refused to talk to me: 553 5.7.1 [BL21] Connections will not be accepted from 24.34.204.22, because the ip is in Spamhaus's list; see http://postmaster.yahoo.com/550-bl23.html
Feb 24 15:40:57 centos1 postfix/smtp[8385]: 45F9D1AE1: host mta5.am0.yahoodns.net[74.6.136.244] refused to talk to me: 553 5.7.1 [BL21] Connections will not be accepted from 24.34.204.22, because the ip is in Spamhaus's list; see http://postmaster.yahoo.com/550-bl23.html
Feb 24 15:40:57 centos1 postfix/smtp[8386]: DE6841F07: host mta6.am0.yahoodns.net[67.195.168.230] refused to talk to me: 553 5.7.1 [BL21] Connections will not be accepted from 24.34.204.22, because the ip is in Spamhaus's list; see http://postmaster.yahoo.com/550-bl23.html
Feb 24 15:40:57 centos1 postfix/smtp[8385]: 45F9D1AE1: host mta6.am0.yahoodns.net[98.139.54.60] refused to talk to me: 553 5.7.1 [BL21] Connections will not be accepted from 24.34.204.22, because the ip is in Spamhaus's list; see http://postmaster.yahoo.com/550-bl23.html
Feb 24 15:40:57 centos1 postfix/smtp[8386]: DE6841F07: host mta7.am0.yahoodns.net[74.6.136.244] refused to talk to me: 553 5.7.1 [BL21] Connections will not be accepted from 24.34.204.22, because the ip is in Spamhaus's list; see http://postmaster.yahoo.com/550-bl23.html
Feb 24 15:40:57 centos1 postfix/smtp[8385]: 45F9D1AE1: host mta5.am0.yahoodns.net[98.136.216.26] refused to talk to me: 553 5.7.1 [BL21] Connections will not be accepted from 24.34.204.22, because the ip is in Spamhaus's list; see http://postmaster.yahoo.com/550-bl23.html
Feb 24 15:40:58 centos1 postfix/smtp[8386]: DE6841F07: to=<biztraumer@yahoo.com>, relay=mta6.am0.yahoodns.net[66.196.118.36]:25, delay=964, delays=963/0.02/0.65/0, dsn=4.7.1, status=deferred (host mta6.am0.yahoodns.net[66.196.118.36] refused to talk to me: 553 5.7.1 [BL21] Connections will not be accepted from 24.34.204.22, because the ip is in Spamhaus's list; see http://postmaster.yahoo.com/550-bl23.html)
Feb 24 15:40:58 centos1 postfix/smtp[8385]: 45F9D1AE1: to=<biztraumer@yahoo.com>, relay=mta6.am0.yahoodns.net[67.195.168.230]:25, delay=997, delays=996/0.03/0.72/0, dsn=4.7.1, status=deferred (host mta6.am0.yahoodns.net[67.195.168.230] refused to talk to me: 553 5.7.1 [BL21] Connections will not be accepted from 24.34.204.22, because the ip is in Spamhaus's list; see http://postmaster.yahoo.com/550-bl23.html)
Feb 24 15:45:40 centos1 sendmail[8472]: starting daemon (8.14.4): queueing@01:00:00
Feb 24 15:45:41 centos1 sm-msp-queue[8480]: starting daemon (8.14.4): queueing@01:00:00
Feb 24 15:46:54 centos1 sendmail[8511]: r1OKksfS008511: from=admin, size=463, class=0, nrcpts=1, msgid=<201302242046.r1OKksfS008511@centos1.localdomain>, relay=root@localhost
Feb 24 15:46:54 centos1 postfix/smtpd[8512]: connect from localhost.localdomain[127.0.0.1]
Feb 24 15:46:54 centos1 postfix/smtpd[8512]: D96AE7A1C: client=localhost.localdomain[127.0.0.1]
Feb 24 15:46:54 centos1 postfix/cleanup[8515]: D96AE7A1C: message-id=<201302242046.r1OKksfS008511@centos1.localdomain>
Feb 24 15:46:54 centos1 postfix/qmgr[2101]: D96AE7A1C: from=<admin@centos1.localdomain>, size=930, nrcpt=1 (queue active)
Feb 24 15:46:54 centos1 sendmail[8511]: r1OKksfS008511: to=biztraumer@yahoo.com, ctladdr=admin (500/500), delay=00:00:00, xdelay=00:00:00, mailer=relay, pri=30463, relay=[127.0.0.1] [127.0.0.1], dsn=2.0.0, stat=Sent (Ok: queued as D96AE7A1C)
Feb 24 15:46:54 centos1 postfix/smtpd[8512]: disconnect from localhost.localdomain[127.0.0.1]
Feb 24 15:46:55 centos1 postfix/smtp[8516]: D96AE7A1C: lost connection with mta7.am0.yahoodns.net[74.6.136.244] while performing the HELO handshake
Feb 24 15:46:56 centos1 postfix/smtp[8516]: D96AE7A1C: lost connection with mta7.am0.yahoodns.net[98.136.216.25] while performing the HELO handshake
Feb 24 15:46:56 centos1 postfix/smtp[8516]: D96AE7A1C: lost connection with mta6.am0.yahoodns.net[66.196.118.34] while performing the HELO handshake
Feb 24 15:46:56 centos1 postfix/smtp[8516]: D96AE7A1C: lost connection with mta7.am0.yahoodns.net[98.138.112.38] while performing the HELO handshake
Feb 24 15:46:56 centos1 postfix/smtp[8516]: D96AE7A1C: to=<biztraumer@yahoo.com>, relay=mta7.am0.yahoodns.net[66.196.118.36]:25, delay=1.9, delays=0.06/0.01/1.8/0, dsn=4.7.1, status=deferred (host mta7.am0.yahoodns.net[66.196.118.36] refused to talk to me: 553 5.7.1 [BL21] Connections will not be accepted from 24.34.204.22, because the ip is in Spamhaus's list; see http://postmaster.yahoo.com/550-bl23.html)
Feb 24 15:50:57 centos1 postfix/qmgr[2101]: CD4CE1ADC: from=<admin@centos1.localdomain>, size=453, nrcpt=1 (queue active)
Feb 24 15:50:57 centos1 postfix/qmgr[2101]: C5D931AE0: from=<admin@centos1.localdomain>, size=672, nrcpt=1 (queue active)
Feb 24 15:50:58 centos1 postfix/smtp[8581]: C5D931AE0: host mta5.am0.yahoodns.net[66.196.118.35] refused to talk to me: 553 5.7.1 [BL21] Connections will not be accepted from 24.34.204.22, because the ip is in Spamhaus's list; see http://postmaster.yahoo.com/550-bl23.html
Feb 24 15:50:58 centos1 postfix/smtp[8581]: C5D931AE0: host mta6.am0.yahoodns.net[98.139.54.60] refused to talk to me: 553 5.7.1 [BL21] Connections will not be accepted from 24.34.204.22, because the ip is in Spamhaus's list; see http://postmaster.yahoo.com/550-bl23.html
Feb 24 15:50:58 centos1 postfix/smtp[8580]: CD4CE1ADC: host mta6.am0.yahoodns.net[98.136.216.26] refused to talk to me: 553 5.7.1 [BL21] Connections will not be accepted from 24.34.204.22, because the ip is in Spamhaus's list; see http://postmaster.yahoo.com/550-bl23.html
Feb 24 15:50:58 centos1 postfix/smtp[8580]: CD4CE1ADC: host mta6.am0.yahoodns.net[66.196.118.36] refused to talk to me: 553 5.7.1 [BL21] Connections will not be accepted from 24.34.204.22, because the ip is in Spamhaus's list; see http://postmaster.yahoo.com/550-bl23.html
Feb 24 15:50:58 centos1 postfix/smtp[8580]: CD4CE1ADC: host mta5.am0.yahoodns.net[66.94.238.147] refused to talk to me: 553 5.7.1 [BL21] Connections will not be accepted from 24.34.204.22, because the ip is in Spamhaus's list; see http://postmaster.yahoo.com/550-bl23.html
Feb 24 15:50:58 centos1 postfix/smtp[8581]: C5D931AE0: host mta7.am0.yahoodns.net[66.94.237.64] refused to talk to me: 553 5.7.1 [BL21] Connections will not be accepted from 24.34.204.22, because the ip is in Spamhaus's list; see http://postmaster.yahoo.com/550-bl23.html
Feb 24 15:50:58 centos1 postfix/smtp[8580]: CD4CE1ADC: host mta5.am0.yahoodns.net[66.196.118.35] refused to talk to me: 553 5.7.1 [BL21] Connections will not be accepted from 24.34.204.22, because the ip is in Spamhaus's list; see http://postmaster.yahoo.com/550-bl23.html
Feb 24 15:50:58 centos1 postfix/smtp[8581]: C5D931AE0: host mta6.am0.yahoodns.net[67.195.168.230] refused to talk to me: 553 5.7.1 [BL21] Connections will not be accepted from 24.34.204.22, because the ip is in Spamhaus's list; see http://postmaster.yahoo.com/550-bl23.html
Feb 24 15:50:58 centos1 postfix/smtp[8580]: CD4CE1ADC: to=<biztraumer@yahoo.com>, relay=mta5.am0.yahoodns.net[66.94.237.139]:25, delay=2271, delays=2270/0.02/0.83/0, dsn=4.7.1, status=deferred (host mta5.am0.yahoodns.net[66.94.237.139] refused to talk to me: 553 5.7.1 [BL21] Connections will not be accepted from 24.34.204.22, because the ip is in Spamhaus's list; see http://postmaster.yahoo.com/550-bl23.html)
Feb 24 15:50:58 centos1 postfix/smtp[8581]: C5D931AE0: to=<biztraumer@yahoo.com>, relay=mta7.am0.yahoodns.net[98.136.216.26]:25, delay=2155, delays=2154/0.01/0.95/0, dsn=4.7.1, status=deferred (host mta7.am0.yahoodns.net[98.136.216.26] refused to talk to me: 553 5.7.1 [BL21] Connections will not be accepted from 24.34.204.22, because the ip is in Spamhaus's list; see http://postmaster.yahoo.com/550-bl23.html)
Feb 24 15:51:58 centos1 sendmail[8600]: r1OKpwpT008600: from=admin, size=238, class=0, nrcpts=1, msgid=<201302242051.r1OKpwpT008600@centos1.localdomain>, relay=root@localhost
Feb 24 15:51:58 centos1 postfix/smtpd[8601]: connect from localhost.localdomain[127.0.0.1]
Feb 24 15:51:58 centos1 postfix/smtpd[8601]: 3D213688B: client=localhost.localdomain[127.0.0.1]
Feb 24 15:51:58 centos1 postfix/cleanup[8604]: 3D213688B: message-id=<201302242051.r1OKpwpT008600@centos1.localdomain>
Feb 24 15:51:58 centos1 postfix/qmgr[2101]: 3D213688B: from=<admin@centos1.localdomain>, size=701, nrcpt=1 (queue active)
Feb 24 15:51:58 centos1 sendmail[8600]: r1OKpwpT008600: to=biztraumer@yahoo.com, ctladdr=admin (500/500), delay=00:00:00, xdelay=00:00:00, mailer=relay, pri=30238, relay=[127.0.0.1] [127.0.0.1], dsn=2.0.0, stat=Sent (Ok: queued as 3D213688B)
Feb 24 15:51:58 centos1 postfix/smtpd[8601]: disconnect from localhost.localdomain[127.0.0.1]
Feb 24 15:51:58 centos1 postfix/smtp[8580]: 3D213688B: host mta5.am0.yahoodns.net[98.136.216.26] refused to talk to me: 553 5.7.1 [BL21] Connections will not be accepted from 24.34.204.22, because the ip is in Spamhaus's list; see http://postmaster.yahoo.com/550-bl23.html
Feb 24 15:51:58 centos1 postfix/smtp[8580]: 3D213688B: host mta6.am0.yahoodns.net[67.195.168.230] refused to talk to me: 553 5.7.1 [BL21] Connections will not be accepted from 24.34.204.22, because the ip is in Spamhaus's list; see http://postmaster.yahoo.com/550-bl23.html
Feb 24 15:51:58 centos1 postfix/smtp[8580]: 3D213688B: host mta6.am0.yahoodns.net[98.139.54.60] refused to talk to me: 553 5.7.1 [BL21] Connections will not be accepted from 24.34.204.22, because the ip is in Spamhaus's list; see http://postmaster.yahoo.com/550-bl23.html
Feb 24 15:51:58 centos1 postfix/smtp[8580]: 3D213688B: host mta6.am0.yahoodns.net[98.136.216.26] refused to talk to me: 553 5.7.1 [BL21] Connections will not be accepted from 24.34.204.22, because the ip is in Spamhaus's list; see http://postmaster.yahoo.com/550-bl23.html
Feb 24 15:51:59 centos1 postfix/smtp[8580]: 3D213688B: to=<biztraumer@yahoo.com>, relay=mta7.am0.yahoodns.net[66.94.238.147]:25, delay=0.88, delays=0.05/0/0.82/0, dsn=4.7.1, status=deferred (host mta7.am0.yahoodns.net[66.94.238.147] refused to talk to me: 553 5.7.1 [BL21] Connections will not be accepted from 24.34.204.22, because the ip is in Spamhaus's list; see http://postmaster.yahoo.com/550-bl23.html)
Feb 24 15:52:34 centos1 sendmail[8615]: r1OKqYc5008615: from=admin, size=228, class=0, nrcpts=1, msgid=<201302242052.r1OKqYc5008615@centos1.localdomain>, relay=root@localhost
Feb 24 15:52:34 centos1 postfix/smtpd[8601]: connect from localhost.localdomain[127.0.0.1]
Feb 24 15:52:34 centos1 postfix/smtpd[8601]: 567507A1D: client=localhost.localdomain[127.0.0.1]
Feb 24 15:52:34 centos1 postfix/cleanup[8604]: 567507A1D: message-id=<201302242052.r1OKqYc5008615@centos1.localdomain>
Feb 24 15:52:34 centos1 postfix/qmgr[2101]: 567507A1D: from=<admin@centos1.localdomain>, size=691, nrcpt=1 (queue active)
Feb 24 15:52:34 centos1 sendmail[8615]: r1OKqYc5008615: to=biztraumer@yahoo.com, ctladdr=admin (500/500), delay=00:00:00, xdelay=00:00:00, mailer=relay, pri=30228, relay=[127.0.0.1] [127.0.0.1], dsn=2.0.0, stat=Sent (Ok: queued as 567507A1D)
Feb 24 15:52:34 centos1 postfix/smtpd[8601]: disconnect from localhost.localdomain[127.0.0.1]
Feb 24 15:52:34 centos1 postfix/smtp[8581]: 567507A1D: host mta5.am0.yahoodns.net[98.139.54.60] refused to talk to me: 553 5.7.1 [BL21] Connections will not be accepted from 24.34.204.22, because the ip is in Spamhaus's list; see http://postmaster.yahoo.com/550-bl23.html
Feb 24 15:52:34 centos1 postfix/smtp[8581]: 567507A1D: host mta5.am0.yahoodns.net[66.196.118.34] refused to talk to me: 553 5.7.1 [BL21] Connections will not be accepted from 24.34.204.22, because the ip is in Spamhaus's list; see http://postmaster.yahoo.com/550-bl23.html
Feb 24 15:52:34 centos1 postfix/smtp[8581]: 567507A1D: host mta7.am0.yahoodns.net[98.136.217.202] refused to talk to me: 553 5.7.1 [BL21] Connections will not be accepted from 24.34.204.22, because the ip is in Spamhaus's list; see http://postmaster.yahoo.com/550-bl23.html
Feb 24 15:52:35 centos1 postfix/smtp[8581]: 567507A1D: host mta6.am0.yahoodns.net[98.136.216.26] refused to talk to me: 553 5.7.1 [BL21] Connections will not be accepted from 24.34.204.22, because the ip is in Spamhaus's list; see http://postmaster.yahoo.com/550-bl23.html
Feb 24 15:52:35 centos1 postfix/smtp[8581]: 567507A1D: to=<biztraumer@yahoo.com>, relay=mta7.am0.yahoodns.net[98.138.112.38]:25, delay=0.94, delays=0.05/0/0.89/0, dsn=4.7.1, status=deferred (host mta7.am0.yahoodns.net[98.138.112.38] refused to talk to me: 553 5.7.1 [BL21] Connections will not be accepted from 24.34.204.22, because the ip is in Spamhaus's list; see http://postmaster.yahoo.com/550-bl23.html)
Feb 24 15:55:57 centos1 postfix/qmgr[2101]: D96AE7A1C: from=<admin@centos1.localdomain>, size=930, nrcpt=1 (queue active)
Feb 24 15:55:57 centos1 postfix/smtp[8671]: D96AE7A1C: host mta7.am0.yahoodns.net[74.6.136.244] refused to talk to me: 553 5.7.1 [BL21] Connections will not be accepted from 24.34.204.22, because the ip is in Spamhaus's list; see http://postmaster.yahoo.com/550-bl23.html
Feb 24 15:55:57 centos1 postfix/smtp[8671]: D96AE7A1C: host mta6.am0.yahoodns.net[98.139.54.60] refused to talk to me: 553 5.7.1 [BL21] Connections will not be accepted from 24.34.204.22, because the ip is in Spamhaus's list; see http://postmaster.yahoo.com/550-bl23.html
Feb 24 15:55:58 centos1 postfix/smtp[8671]: D96AE7A1C: host mta5.am0.yahoodns.net[98.136.217.202] refused to talk to me: 553 5.7.1 [BL21] Connections will not be accepted from 24.34.204.22, because the ip is in Spamhaus's list; see http://postmaster.yahoo.com/550-bl23.html
Feb 24 15:55:58 centos1 postfix/smtp[8671]: D96AE7A1C: host mta6.am0.yahoodns.net[98.136.217.202] refused to talk to me: 553 5.7.1 [BL21] Connections will not be accepted from 24.34.204.22, because the ip is in Spamhaus's list; see http://postmaster.yahoo.com/550-bl23.html
Feb 24 15:55:58 centos1 postfix/smtp[8671]: D96AE7A1C: to=<biztraumer@yahoo.com>, relay=mta6.am0.yahoodns.net[66.196.118.33]:25, delay=543, delays=543/0.02/0.89/0, dsn=4.7.1, status=deferred (host mta6.am0.yahoodns.net[66.196.118.33] refused to talk to me: 553 5.7.1 [BL21] Connections will not be accepted from 24.34.204.22, because the ip is in Spamhaus's list; see http://postmaster.yahoo.com/550-bl23.html)
Feb 24 15:56:19 centos1 sendmail[8679]: r1OKuJHM008679: from=admin, size=231, class=0, nrcpts=1, msgid=<201302242056.r1OKuJHM008679@centos1.localdomain>, relay=root@localhost
Feb 24 15:56:19 centos1 postfix/smtpd[8680]: connect from localhost.localdomain[127.0.0.1]
Feb 24 15:56:19 centos1 postfix/smtpd[8680]: B58BA7A19: client=localhost.localdomain[127.0.0.1]
Feb 24 15:56:19 centos1 postfix/cleanup[8683]: B58BA7A19: message-id=<201302242056.r1OKuJHM008679@centos1.localdomain>
Feb 24 15:56:19 centos1 postfix/qmgr[2101]: B58BA7A19: from=<admin@centos1.localdomain>, size=690, nrcpt=1 (queue active)
Feb 24 15:56:19 centos1 sendmail[8679]: r1OKuJHM008679: to=root@localhost.com, ctladdr=admin (500/500), delay=00:00:00, xdelay=00:00:00, mailer=relay, pri=30231, relay=[127.0.0.1] [127.0.0.1], dsn=2.0.0, stat=Sent (Ok: queued as B58BA7A19)
Feb 24 15:56:19 centos1 postfix/smtpd[8680]: disconnect from localhost.localdomain[127.0.0.1]
Feb 24 15:56:19 centos1 postfix/smtp[8671]: warning: no MX host for localhost.com has a valid address record
Feb 24 15:56:19 centos1 postfix/smtp[8671]: B58BA7A19: to=<root@localhost.com>, relay=none, delay=0.17, delays=0.06/0/0.11/0, dsn=5.4.4, status=bounced (Host or domain name not found. Name service error for name=mx.localhost.com.cust.b.hostedemail.com type=AAAA: Host not found)
Feb 24 15:56:19 centos1 postfix/cleanup[8683]: E49EC7A33: message-id=<20130224205619.E49EC7A33@centos1.localdomain>
Feb 24 15:56:19 centos1 postfix/qmgr[2101]: E49EC7A33: from=<>, size=2713, nrcpt=1 (queue active)
Feb 24 15:56:19 centos1 postfix/bounce[8684]: B58BA7A19: sender non-delivery notification: E49EC7A33
Feb 24 15:56:19 centos1 postfix/qmgr[2101]: B58BA7A19: removed
Feb 24 15:56:20 centos1 postfix/local[8685]: E49EC7A33: to=<admin@centos1.localdomain>, relay=local, delay=0.07, delays=0.01/0.05/0/0.01, dsn=2.0.0, status=sent (delivered to mailbox)
Feb 24 15:56:20 centos1 postfix/qmgr[2101]: E49EC7A33: removed
Feb 24 15:56:49 centos1 sendmail[8700]: r1OKungL008700: from=admin, size=227, class=0, nrcpts=1, msgid=<201302242056.r1OKungL008700@centos1.localdomain>, relay=root@localhost
Feb 24 15:56:49 centos1 postfix/smtpd[8680]: connect from localhost.localdomain[127.0.0.1]
Feb 24 15:56:50 centos1 postfix/smtpd[8680]: 00C1A7A19: client=localhost.localdomain[127.0.0.1]
Feb 24 15:56:50 centos1 postfix/cleanup[8683]: 00C1A7A19: message-id=<201302242056.r1OKungL008700@centos1.localdomain>
Feb 24 15:56:50 centos1 postfix/qmgr[2101]: 00C1A7A19: from=<admin@centos1.localdomain>, size=698, nrcpt=1 (queue active)
Feb 24 15:56:50 centos1 sendmail[8700]: r1OKungL008700: to=root@localhost, ctladdr=admin (500/500), delay=00:00:01, xdelay=00:00:01, mailer=relay, pri=30227, relay=[127.0.0.1] [127.0.0.1], dsn=2.0.0, stat=Sent (Ok: queued as 00C1A7A19)
Feb 24 15:56:50 centos1 postfix/local[8685]: 00C1A7A19: to=<root@centos1.localdomain>, relay=local, delay=0.09, delays=0.08/0/0/0.01, dsn=2.0.0, status=sent (delivered to mailbox)
Feb 24 15:56:50 centos1 postfix/qmgr[2101]: 00C1A7A19: removed
Feb 24 15:56:50 centos1 postfix/smtpd[8680]: disconnect from localhost.localdomain[127.0.0.1]
Feb 24 16:00:57 centos1 postfix/qmgr[2101]: 567507A1D: from=<admin@centos1.localdomain>, size=691, nrcpt=1 (queue active)
Feb 24 16:00:57 centos1 postfix/qmgr[2101]: 45F9D1AE1: from=<root@centos1.localdomain>, size=684, nrcpt=1 (queue active)
Feb 24 16:00:57 centos1 postfix/qmgr[2101]: DE6841F07: from=<root@centos1.localdomain>, size=460, nrcpt=1 (queue active)
Feb 24 16:00:57 centos1 postfix/qmgr[2101]: 3D213688B: from=<admin@centos1.localdomain>, size=701, nrcpt=1 (queue active)
Feb 24 16:00:57 centos1 postfix/smtp[8769]: 3D213688B: host mta7.am0.yahoodns.net[66.94.238.147] refused to talk to me: 553 5.7.1 [BL21] Connections will not be accepted from 24.34.204.22, because the ip is in Spamhaus's list; see http://postmaster.yahoo.com/550-bl23.html
Feb 24 16:00:57 centos1 postfix/smtp[8767]: 45F9D1AE1: host mta6.am0.yahoodns.net[98.138.112.38] refused to talk to me: 553 5.7.1 [BL21] Connections will not be accepted from 24.34.204.22, because the ip is in Spamhaus's list; see http://postmaster.yahoo.com/550-bl23.html
Feb 24 16:00:57 centos1 postfix/smtp[8768]: DE6841F07: host mta5.am0.yahoodns.net[98.136.216.25] refused to talk to me: 553 5.7.1 [BL21] Connections will not be accepted from 24.34.204.22, because the ip is in Spamhaus's list; see http://postmaster.yahoo.com/550-bl23.html
Feb 24 16:00:57 centos1 postfix/smtp[8767]: 45F9D1AE1: host mta6.am0.yahoodns.net[66.196.118.33] refused to talk to me: 553 5.7.1 [BL21] Connections will not be accepted from 24.34.204.22, because the ip is in Spamhaus's list; see http://postmaster.yahoo.com/550-bl23.html
Feb 24 16:00:57 centos1 postfix/smtp[8769]: 3D213688B: host mta5.am0.yahoodns.net[66.196.118.36] refused to talk to me: 553 5.7.1 [BL21] Connections will not be accepted from 24.34.204.22, because the ip is in Spamhaus's list; see http://postmaster.yahoo.com/550-bl23.html
Feb 24 16:00:57 centos1 postfix/smtp[8767]: 45F9D1AE1: host mta5.am0.yahoodns.net[66.94.237.64] refused to talk to me: 553 5.7.1 [BL21] Connections will not be accepted from 24.34.204.22, because the ip is in Spamhaus's list; see http://postmaster.yahoo.com/550-bl23.html
Feb 24 16:00:57 centos1 postfix/smtp[8768]: DE6841F07: host mta7.am0.yahoodns.net[98.136.216.25] refused to talk to me: 553 5.7.1 [BL21] Connections will not be accepted from 24.34.204.22, because the ip is in Spamhaus's list; see http://postmaster.yahoo.com/550-bl23.html
Feb 24 16:00:57 centos1 postfix/smtp[8769]: 3D213688B: host mta6.am0.yahoodns.net[98.136.217.202] refused to talk to me: 553 5.7.1 [BL21] Connections will not be accepted from 24.34.204.22, because the ip is in Spamhaus's list; see http://postmaster.yahoo.com/550-bl23.html
Feb 24 16:00:57 centos1 postfix/smtp[8768]: DE6841F07: host mta6.am0.yahoodns.net[66.196.118.36] refused to talk to me: 553 5.7.1 [BL21] Connections will not be accepted from 24.34.204.22, because the ip is in Spamhaus's list; see http://postmaster.yahoo.com/550-bl23.html
Feb 24 16:00:57 centos1 postfix/smtp[8768]: DE6841F07: host mta7.am0.yahoodns.net[98.139.54.60] refused to talk to me: 553 5.7.1 [BL21] Connections will not be accepted from 24.34.204.22, because the ip is in Spamhaus's list; see http://postmaster.yahoo.com/550-bl23.html
Feb 24 16:00:57 centos1 postfix/smtp[8769]: 3D213688B: host mta5.am0.yahoodns.net[66.94.237.64] refused to talk to me: 553 5.7.1 [BL21] Connections will not be accepted from 24.34.204.22, because the ip is in Spamhaus's list; see http://postmaster.yahoo.com/550-bl23.html
Feb 24 16:00:57 centos1 postfix/smtp[8767]: 45F9D1AE1: host mta6.am0.yahoodns.net[98.136.216.26] refused to talk to me: 553 5.7.1 [BL21] Connections will not be accepted from 24.34.204.22, because the ip is in Spamhaus's list; see http://postmaster.yahoo.com/550-bl23.html
Feb 24 16:00:57 centos1 postfix/smtp[8768]: DE6841F07: to=<biztraumer@yahoo.com>, relay=mta5.am0.yahoodns.net[98.139.54.60]:25, delay=2164, delays=2163/0.02/0.8/0, dsn=4.7.1, status=deferred (host mta5.am0.yahoodns.net[98.139.54.60] refused to talk to me: 553 5.7.1 [BL21] Connections will not be accepted from 24.34.204.22, because the ip is in Spamhaus's list; see http://postmaster.yahoo.com/550-bl23.html)
Feb 24 16:00:58 centos1 postfix/smtp[8769]: 3D213688B: to=<biztraumer@yahoo.com>, relay=mta5.am0.yahoodns.net[74.6.136.244]:25, delay=540, delays=539/0.03/0.95/0, dsn=4.7.1, status=deferred (host mta5.am0.yahoodns.net[74.6.136.244] refused to talk to me: 553 5.7.1 [BL21] Connections will not be accepted from 24.34.204.22, because the ip is in Spamhaus's list; see http://postmaster.yahoo.com/550-bl23.html)
Feb 24 16:00:58 centos1 postfix/smtp[8767]: 45F9D1AE1: to=<biztraumer@yahoo.com>, relay=mta5.am0.yahoodns.net[98.136.216.25]:25, delay=2197, delays=2196/0.01/0.98/0, dsn=4.7.1, status=deferred (host mta5.am0.yahoodns.net[98.136.216.25] refused to talk to me: 553 5.7.1 [BL21] Connections will not be accepted from 24.34.204.22, because the ip is in Spamhaus's list; see http://postmaster.yahoo.com/550-bl23.html)
Feb 24 16:01:01 centos1 sendmail[8799]: starting daemon (8.14.4): queueing@01:00:00
Feb 24 16:01:01 centos1 sm-msp-queue[8816]: starting daemon (8.14.4): queueing@01:00:00
Feb 24 16:01:01 centos1 postfix/smtp[8766]: 567507A1D: host mta7.am0.yahoodns.net[98.136.216.25] refused to talk to me: 553 5.7.1 [BL21] Connections will not be accepted from 24.34.204.22, because the ip is in Spamhaus's list; see http://postmaster.yahoo.com/550-bl23.html
Feb 24 16:01:02 centos1 postfix/smtp[8766]: 567507A1D: host mta7.am0.yahoodns.net[98.138.112.38] refused to talk to me: 553 5.7.1 [BL21] Connections will not be accepted from 24.34.204.22, because the ip is in Spamhaus's list; see http://postmaster.yahoo.com/550-bl23.html
Feb 24 16:01:02 centos1 postfix/smtp[8766]: 567507A1D: host mta5.am0.yahoodns.net[66.196.118.35] refused to talk to me: 553 5.7.1 [BL21] Connections will not be accepted from 24.34.204.22, because the ip is in Spamhaus's list; see http://postmaster.yahoo.com/550-bl23.html
Feb 24 16:01:02 centos1 postfix/smtp[8766]: 567507A1D: host mta6.am0.yahoodns.net[66.196.118.33] refused to talk to me: 553 5.7.1 [BL21] Connections will not be accepted from 24.34.204.22, because the ip is in Spamhaus's list; see http://postmaster.yahoo.com/550-bl23.html
Feb 24 16:01:02 centos1 postfix/smtp[8766]: 567507A1D: to=<biztraumer@yahoo.com>, relay=mta6.am0.yahoodns.net[66.94.237.139]:25, delay=508, delays=503/0.02/5.3/0, dsn=4.7.1, status=deferred (host mta6.am0.yahoodns.net[66.94.237.139] refused to talk to me: 553 5.7.1 [BL21] Connections will not be accepted from 24.34.204.22, because the ip is in Spamhaus's list; see http://postmaster.yahoo.com/550-bl23.html)
Feb 24 16:01:16 centos1 sendmail[8823]: r1OL1GFt008823: from=admin, size=228, class=0, nrcpts=1, msgid=<201302242101.r1OL1GFt008823@centos1.localdomain>, relay=root@localhost
Feb 24 16:01:16 centos1 sendmail[8823]: r1OL1GFt008823: to=biztraumer@yahoo.com, ctladdr=admin (500/500), delay=00:00:00, xdelay=00:00:00, mailer=relay, pri=30228, relay=127.0.0.1, dsn=5.1.2, stat=Host unknown (Name server: 127.0.0.1: host not found)
Feb 24 16:03:03 centos1 sendmail[8861]: r1OL32Nh008861: from=admin, size=225, class=0, nrcpts=1, msgid=<201302242103.r1OL32Nh008861@centos1.localdomain>, relay=root@localhost
Feb 24 16:03:03 centos1 sendmail[8861]: r1OL32Nh008861: to=biztraumer@gmail.com, ctladdr=admin (500/500), delay=00:00:01, xdelay=00:00:00, mailer=relay, pri=30225, relay=127.0.0.1, dsn=5.1.2, stat=Host unknown (Name server: 127.0.0.1: host not found)
Feb 24 16:05:57 centos1 postfix/qmgr[2101]: D96AE7A1C: from=<admin@centos1.localdomain>, size=930, nrcpt=1 (queue active)
Feb 24 16:05:57 centos1 postfix/error[8905]: D96AE7A1C: to=<biztraumer@yahoo.com>, relay=none, delay=1143, delays=1143/0.04/0/0.01, dsn=4.7.1, status=deferred (delivery temporarily suspended: host mta5.am0.yahoodns.net[98.136.216.25] refused to talk to me: 553 5.7.1 [BL21] Connections will not be accepted from 24.34.204.22, because the ip is in Spamhaus's list; see http://postmaster.yahoo.com/550-bl23.html)
Feb 24 16:08:42 centos1 sendmail[8975]: starting daemon (8.14.4): queueing@01:00:00
Feb 24 16:08:42 centos1 sm-msp-queue[8983]: starting daemon (8.14.4): queueing@01:00:00
Feb 24 16:08:52 centos1 sendmail[8989]: r1OL8qFT008989: from=admin, size=228, class=0, nrcpts=1, msgid=<201302242108.r1OL8qFT008989@centos1.localdomain>, relay=root@localhost
Feb 24 16:08:53 centos1 postfix/smtpd[8990]: connect from localhost.localdomain[127.0.0.1]
Feb 24 16:08:53 centos1 postfix/smtpd[8990]: 2D0347A2F: client=localhost.localdomain[127.0.0.1]
Feb 24 16:08:53 centos1 postfix/cleanup[8993]: 2D0347A2F: message-id=<201302242108.r1OL8qFT008989@centos1.localdomain>
Feb 24 16:08:53 centos1 postfix/qmgr[2101]: 2D0347A2F: from=<admin@centos1.localdomain>, size=691, nrcpt=1 (queue active)
Feb 24 16:08:53 centos1 sendmail[8989]: r1OL8qFT008989: to=biztraumer@gmail.com, ctladdr=admin (500/500), delay=00:00:01, xdelay=00:00:01, mailer=relay, pri=30228, relay=localhost.localdomain. [127.0.0.1], dsn=2.0.0, stat=Sent (Ok: queued as 2D0347A2F)
Feb 24 16:08:53 centos1 postfix/smtpd[8990]: disconnect from localhost.localdomain[127.0.0.1]
Feb 24 16:08:53 centos1 postfix/smtp[8994]: connect to gmail-smtp-in.l.google.com[2607:f8b0:400d:c02::1a]:25: Network is unreachable
Feb 24 16:08:53 centos1 postfix/smtp[8994]: 2D0347A2F: to=<biztraumer@gmail.com>, relay=gmail-smtp-in.l.google.com[173.194.68.26]:25, delay=0.51, delays=0.05/0.01/0.35/0.1, dsn=2.0.0, status=sent (250 Mail queued for delivery.)
Feb 24 16:08:53 centos1 postfix/qmgr[2101]: 2D0347A2F: removed
Feb 24 16:10:57 centos1 postfix/qmgr[2101]: 567507A1D: from=<admin@centos1.localdomain>, size=691, nrcpt=1 (queue active)
Feb 24 16:10:57 centos1 postfix/qmgr[2101]: 3D213688B: from=<admin@centos1.localdomain>, size=701, nrcpt=1 (queue active)
Feb 24 16:10:58 centos1 postfix/smtp[9029]: 567507A1D: host mta7.am0.yahoodns.net[67.195.168.230] refused to talk to me: 553 5.7.1 [BL21] Connections will not be accepted from 24.34.204.22, because the ip is in Spamhaus's list; see http://postmaster.yahoo.com/550-bl23.html
Feb 24 16:10:58 centos1 postfix/smtp[9030]: 3D213688B: host mta6.am0.yahoodns.net[98.139.54.60] refused to talk to me: 553 5.7.1 [BL21] Connections will not be accepted from 24.34.204.22, because the ip is in Spamhaus's list; see http://postmaster.yahoo.com/550-bl23.html
Feb 24 16:10:58 centos1 postfix/smtp[9030]: 3D213688B: host mta5.am0.yahoodns.net[66.94.238.147] refused to talk to me: 553 5.7.1 [BL21] Connections will not be accepted from 24.34.204.22, because the ip is in Spamhaus's list; see http://postmaster.yahoo.com/550-bl23.html
Feb 24 16:10:58 centos1 postfix/smtp[9029]: 567507A1D: host mta5.am0.yahoodns.net[98.136.216.25] refused to talk to me: 553 5.7.1 [BL21] Connections will not be accepted from 24.34.204.22, because the ip is in Spamhaus's list; see http://postmaster.yahoo.com/550-bl23.html
Feb 24 16:10:58 centos1 postfix/smtp[9029]: 567507A1D: host mta6.am0.yahoodns.net[66.94.237.139] refused to talk to me: 553 5.7.1 [BL21] Connections will not be accepted from 24.34.204.22, because the ip is in Spamhaus's list; see http://postmaster.yahoo.com/550-bl23.html
Feb 24 16:10:58 centos1 postfix/smtp[9030]: 3D213688B: host mta7.am0.yahoodns.net[98.136.216.25] refused to talk to me: 553 5.7.1 [BL21] Connections will not be accepted from 24.34.204.22, because the ip is in Spamhaus's list; see http://postmaster.yahoo.com/550-bl23.html
Feb 24 16:10:58 centos1 postfix/smtp[9029]: 567507A1D: host mta5.am0.yahoodns.net[67.195.168.230] refused to talk to me: 553 5.7.1 [BL21] Connections will not be accepted from 24.34.204.22, because the ip is in Spamhaus's list; see http://postmaster.yahoo.com/550-bl23.html
Feb 24 16:10:58 centos1 postfix/smtp[9029]: 567507A1D: to=<biztraumer@yahoo.com>, relay=mta6.am0.yahoodns.net[66.196.118.35]:25, delay=1104, delays=1103/0.02/0.74/0, dsn=4.7.1, status=deferred (host mta6.am0.yahoodns.net[66.196.118.35] refused to talk to me: 553 5.7.1 [BL21] Connections will not be accepted from 24.34.204.22, because the ip is in Spamhaus's list; see http://postmaster.yahoo.com/550-bl23.html)
Feb 24 16:10:58 centos1 postfix/smtp[9030]: 3D213688B: host mta5.am0.yahoodns.net[98.138.112.38] refused to talk to me: 553 5.7.1 [BL21] Connections will not be accepted from 24.34.204.22, because the ip is in Spamhaus's list; see http://postmaster.yahoo.com/550-bl23.html
Feb 24 16:10:58 centos1 postfix/smtp[9030]: 3D213688B: to=<biztraumer@yahoo.com>, relay=mta5.am0.yahoodns.net[98.136.217.202]:25, delay=1141, delays=1140/0.01/1/0, dsn=4.7.1, status=deferred (host mta5.am0.yahoodns.net[98.136.217.202] refused to talk to me: 553 5.7.1 [BL21] Connections will not be accepted from 24.34.204.22, because the ip is in Spamhaus's list; see http://postmaster.yahoo.com/550-bl23.html)
Feb 24 16:15:10 centos1 sendmail[8975]: restarting /usr/sbin/sendmail due to signal
Feb 24 16:15:10 centos1 sm-msp-queue[8983]: restarting /usr/sbin/sendmail due to signal
Feb 24 16:15:10 centos1 sm-msp-queue[9227]: starting daemon (8.14.4): queueing@01:00:00
Feb 24 16:15:10 centos1 sendmail[9228]: starting daemon (8.14.4): queueing@01:00:00
Feb 24 16:15:12 centos1 sendmail[9228]: restarting /usr/sbin/sendmail due to signal
Feb 24 16:15:12 centos1 sm-msp-queue[9227]: restarting /usr/sbin/sendmail due to signal
Feb 24 16:15:12 centos1 sendmail[9446]: starting daemon (8.14.4): queueing@01:00:00
Feb 24 16:15:12 centos1 sm-msp-queue[9448]: starting daemon (8.14.4): queueing@01:00:00
Feb 24 16:16:45 centos1 sendmail[9477]: r1OLGjTB009477: from=admin, size=233, class=0, nrcpts=1, msgid=<201302242116.r1OLGjTB009477@centos1.localdomain>, relay=root@localhost
