Feb 24 16:16:45 centos1 postfix/smtpd[9479]: connect from localhost.localdomain[127.0.0.1]
Feb 24 16:16:45 centos1 postfix/smtpd[9479]: 9A530624: client=localhost.localdomain[127.0.0.1]
Feb 24 16:16:45 centos1 postfix/cleanup[9482]: 9A530624: message-id=<201302242116.r1OLGjTB009477@centos1.localdomain>
Feb 24 16:16:45 centos1 postfix/qmgr[2101]: 9A530624: from=<admin@centos1.localdomain>, size=695, nrcpt=1 (queue active)
Feb 24 16:16:45 centos1 sendmail[9477]: r1OLGjTB009477: to=biztraumer@gmail.com, ctladdr=admin (500/500), delay=00:00:00, xdelay=00:00:00, mailer=relay, pri=30233, relay=localhost.localdomain. [127.0.0.1], dsn=2.0.0, stat=Sent (Ok: queued as 9A530624)
Feb 24 16:16:45 centos1 postfix/smtpd[9479]: disconnect from localhost.localdomain[127.0.0.1]
Feb 24 16:16:45 centos1 postfix/smtp[9483]: connect to gmail-smtp-in.l.google.com[2607:f8b0:400d:c00::1b]:25: Network is unreachable
Feb 24 16:16:46 centos1 postfix/smtp[9483]: 9A530624: to=<biztraumer@gmail.com>, relay=gmail-smtp-in.l.google.com[173.194.74.26]:25, delay=0.43, delays=0.05/0.01/0.28/0.08, dsn=2.0.0, status=sent (250 Mail queued for delivery.)
Feb 24 16:16:46 centos1 postfix/qmgr[2101]: 9A530624: removed
Feb 24 16:17:43 centos1 sendmail[9529]: r1OLHh7T009529: from=admin, size=225, class=0, nrcpts=1, msgid=<201302242117.r1OLHh7T009529@centos1.localdomain>, relay=root@localhost
Feb 24 16:17:43 centos1 postfix/smtpd[9479]: connect from localhost.localdomain[127.0.0.1]
Feb 24 16:17:43 centos1 postfix/smtpd[9479]: BCA6F624: client=localhost.localdomain[127.0.0.1]
Feb 24 16:17:43 centos1 postfix/cleanup[9482]: BCA6F624: message-id=<201302242117.r1OLHh7T009529@centos1.localdomain>
Feb 24 16:17:43 centos1 postfix/qmgr[2101]: BCA6F624: from=<admin@centos1.localdomain>, size=687, nrcpt=1 (queue active)
Feb 24 16:17:43 centos1 sendmail[9529]: r1OLHh7T009529: to=biztraumer@gmail.com, ctladdr=admin (500/500), delay=00:00:00, xdelay=00:00:00, mailer=relay, pri=30225, relay=localhost.localdomain. [127.0.0.1], dsn=2.0.0, stat=Sent (Ok: queued as BCA6F624)
Feb 24 16:17:43 centos1 postfix/smtpd[9479]: disconnect from localhost.localdomain[127.0.0.1]
Feb 24 16:17:44 centos1 postfix/smtp[9483]: connect to gmail-smtp-in.l.google.com[2607:f8b0:400d:c01::1b]:25: Network is unreachable
Feb 24 16:17:44 centos1 postfix/smtp[9483]: BCA6F624: to=<biztraumer@gmail.com>, relay=gmail-smtp-in.l.google.com[173.194.74.26]:25, delay=0.5, delays=0.05/0/0.32/0.13, dsn=2.0.0, status=sent (250 Mail queued for delivery.)
Feb 24 16:17:44 centos1 postfix/qmgr[2101]: BCA6F624: removed
Feb 24 16:21:51 centos1 sendmail[9617]: starting daemon (8.14.4): queueing@01:00:00
Feb 24 16:21:52 centos1 sm-msp-queue[9625]: starting daemon (8.14.4): queueing@01:00:00
Feb 24 16:22:05 centos1 sendmail[9632]: r1OLM5ca009632: from=admin, size=225, class=0, nrcpts=1, msgid=<201302242122.r1OLM5ca009632@centos1.localdomain>, relay=root@localhost
Feb 24 16:22:05 centos1 postfix/smtpd[9633]: connect from localhost.localdomain[127.0.0.1]
Feb 24 16:22:05 centos1 postfix/smtpd[9633]: 43F0766A0: client=localhost.localdomain[127.0.0.1]
Feb 24 16:22:05 centos1 postfix/cleanup[9636]: 43F0766A0: message-id=<201302242122.r1OLM5ca009632@centos1.localdomain>
Feb 24 16:22:05 centos1 postfix/qmgr[2101]: 43F0766A0: from=<admin@centos1.localdomain>, size=688, nrcpt=1 (queue active)
Feb 24 16:22:05 centos1 sendmail[9632]: r1OLM5ca009632: to=biztraumer@gmail.com, ctladdr=admin (500/500), delay=00:00:00, xdelay=00:00:00, mailer=relay, pri=30225, relay=localhost.localdomain. [127.0.0.1], dsn=2.0.0, stat=Sent (Ok: queued as 43F0766A0)
Feb 24 16:22:05 centos1 postfix/smtpd[9633]: disconnect from localhost.localdomain[127.0.0.1]
Feb 24 16:22:05 centos1 postfix/smtp[9637]: connect to gmail-smtp-in.l.google.com[2607:f8b0:400d:c02::1b]:25: Network is unreachable
Feb 24 16:22:05 centos1 postfix/smtp[9637]: 43F0766A0: to=<biztraumer@gmail.com>, relay=gmail-smtp-in.l.google.com[173.194.74.26]:25, delay=0.51, delays=0.06/0.05/0.32/0.09, dsn=2.0.0, status=sent (250 Mail queued for delivery.)
Feb 24 16:22:05 centos1 postfix/qmgr[2101]: 43F0766A0: removed
Feb 24 16:24:14 centos1 sendmail[9699]: starting daemon (8.14.4): queueing@01:00:00
Feb 24 16:24:14 centos1 sm-msp-queue[9707]: starting daemon (8.14.4): queueing@01:00:00
Feb 24 16:24:30 centos1 sendmail[9714]: r1OLOUU0009714: from=admin, size=230, class=0, nrcpts=1, msgid=<201302242124.r1OLOUU0009714@centos1.localdomain>, relay=root@localhost
Feb 24 16:24:30 centos1 sendmail[9714]: r1OLOUU0009714: to=biztraumer@gmail.com, ctladdr=admin (500/500), delay=00:00:00, xdelay=00:00:00, mailer=relay, pri=30230, relay=mail.nixcraft.net, dsn=5.1.2, stat=Host unknown (Name server: mail.nixcraft.net: host not found)
Feb 24 16:25:57 centos1 postfix/qmgr[2101]: D96AE7A1C: from=<admin@centos1.localdomain>, size=930, nrcpt=1 (queue active)
Feb 24 16:25:58 centos1 postfix/smtp[9738]: D96AE7A1C: lost connection with mta6.am0.yahoodns.net[66.196.118.33] while performing the HELO handshake
Feb 24 16:25:58 centos1 postfix/smtp[9738]: D96AE7A1C: lost connection with mta5.am0.yahoodns.net[66.94.237.64] while performing the HELO handshake
Feb 24 16:25:58 centos1 postfix/smtp[9738]: D96AE7A1C: host mta5.am0.yahoodns.net[98.136.216.26] refused to talk to me: 553 5.7.1 [BL21] Connections will not be accepted from 24.34.204.22, because the ip is in Spamhaus's list; see http://postmaster.yahoo.com/550-bl23.html
Feb 24 16:25:59 centos1 postfix/smtp[9738]: D96AE7A1C: host mta6.am0.yahoodns.net[66.196.118.34] refused to talk to me: 553 5.7.1 [BL21] Connections will not be accepted from 24.34.204.22, because the ip is in Spamhaus's list; see http://postmaster.yahoo.com/550-bl23.html
Feb 24 16:25:59 centos1 postfix/smtp[9738]: D96AE7A1C: to=<biztraumer@yahoo.com>, relay=mta7.am0.yahoodns.net[66.196.118.35]:25, delay=2344, delays=2343/0.02/1.2/0, dsn=4.7.1, status=deferred (host mta7.am0.yahoodns.net[66.196.118.35] refused to talk to me: 553 5.7.1 [BL21] Connections will not be accepted from 24.34.204.22, because the ip is in Spamhaus's list; see http://postmaster.yahoo.com/550-bl23.html)
Feb 24 16:30:57 centos1 postfix/qmgr[2101]: 567507A1D: from=<admin@centos1.localdomain>, size=691, nrcpt=1 (queue active)
Feb 24 16:30:57 centos1 postfix/qmgr[2101]: CD4CE1ADC: from=<admin@centos1.localdomain>, size=453, nrcpt=1 (queue active)
Feb 24 16:30:57 centos1 postfix/qmgr[2101]: C5D931AE0: from=<admin@centos1.localdomain>, size=672, nrcpt=1 (queue active)
Feb 24 16:30:57 centos1 postfix/qmgr[2101]: 3D213688B: from=<admin@centos1.localdomain>, size=701, nrcpt=1 (queue active)
Feb 24 16:30:57 centos1 postfix/smtp[9813]: CD4CE1ADC: host mta6.am0.yahoodns.net[67.195.168.230] refused to talk to me: 553 5.7.1 [BL21] Connections will not be accepted from 24.34.204.22, because the ip is in Spamhaus's list; see http://postmaster.yahoo.com/550-bl23.html
Feb 24 16:30:57 centos1 postfix/smtp[9814]: C5D931AE0: host mta5.am0.yahoodns.net[66.196.118.33] refused to talk to me: 553 5.7.1 [BL21] Connections will not be accepted from 24.34.204.22, because the ip is in Spamhaus's list; see http://postmaster.yahoo.com/550-bl23.html
Feb 24 16:30:57 centos1 postfix/smtp[9812]: 567507A1D: host mta7.am0.yahoodns.net[66.94.237.139] refused to talk to me: 553 5.7.1 [BL21] Connections will not be accepted from 24.34.204.22, because the ip is in Spamhaus's list; see http://postmaster.yahoo.com/550-bl23.html
Feb 24 16:30:57 centos1 postfix/smtp[9813]: CD4CE1ADC: host mta7.am0.yahoodns.net[67.195.168.230] refused to talk to me: 553 5.7.1 [BL21] Connections will not be accepted from 24.34.204.22, because the ip is in Spamhaus's list; see http://postmaster.yahoo.com/550-bl23.html
Feb 24 16:30:57 centos1 postfix/smtp[9815]: 3D213688B: host mta7.am0.yahoodns.net[66.94.237.64] refused to talk to me: 553 5.7.1 [BL21] Connections will not be accepted from 24.34.204.22, because the ip is in Spamhaus's list; see http://postmaster.yahoo.com/550-bl23.html
Feb 24 16:30:57 centos1 postfix/smtp[9813]: CD4CE1ADC: host mta7.am0.yahoodns.net[66.94.237.139] refused to talk to me: 553 5.7.1 [BL21] Connections will not be accepted from 24.34.204.22, because the ip is in Spamhaus's list; see http://postmaster.yahoo.com/550-bl23.html
Feb 24 16:30:57 centos1 postfix/smtp[9814]: C5D931AE0: host mta6.am0.yahoodns.net[98.136.217.202] refused to talk to me: 553 5.7.1 [BL21] Connections will not be accepted from 24.34.204.22, because the ip is in Spamhaus's list; see http://postmaster.yahoo.com/550-bl23.html
Feb 24 16:30:57 centos1 postfix/smtp[9812]: 567507A1D: host mta7.am0.yahoodns.net[98.138.112.38] refused to talk to me: 553 5.7.1 [BL21] Connections will not be accepted from 24.34.204.22, because the ip is in Spamhaus's list; see http://postmaster.yahoo.com/550-bl23.html
Feb 24 16:30:57 centos1 postfix/smtp[9815]: 3D213688B: host mta7.am0.yahoodns.net[98.136.216.26] refused to talk to me: 553 5.7.1 [BL21] Connections will not be accepted from 24.34.204.22, because the ip is in Spamhaus's list; see http://postmaster.yahoo.com/550-bl23.html
Feb 24 16:30:57 centos1 postfix/smtp[9813]: CD4CE1ADC: host mta6.am0.yahoodns.net[66.94.237.139] refused to talk to me: 553 5.7.1 [BL21] Connections will not be accepted from 24.34.204.22, because the ip is in Spamhaus's list; see http://postmaster.yahoo.com/550-bl23.html
Feb 24 16:30:57 centos1 postfix/smtp[9814]: C5D931AE0: host mta5.am0.yahoodns.net[98.136.216.26] refused to talk to me: 553 5.7.1 [BL21] Connections will not be accepted from 24.34.204.22, because the ip is in Spamhaus's list; see http://postmaster.yahoo.com/550-bl23.html
Feb 24 16:30:57 centos1 postfix/smtp[9812]: 567507A1D: host mta5.am0.yahoodns.net[98.136.217.202] refused to talk to me: 553 5.7.1 [BL21] Connections will not be accepted from 24.34.204.22, because the ip is in Spamhaus's list; see http://postmaster.yahoo.com/550-bl23.html
Feb 24 16:30:58 centos1 postfix/smtp[9814]: C5D931AE0: host mta6.am0.yahoodns.net[67.195.168.230] refused to talk to me: 553 5.7.1 [BL21] Connections will not be accepted from 24.34.204.22, because the ip is in Spamhaus's list; see http://postmaster.yahoo.com/550-bl23.html
Feb 24 16:30:58 centos1 postfix/smtp[9812]: 567507A1D: host mta5.am0.yahoodns.net[67.195.168.230] refused to talk to me: 553 5.7.1 [BL21] Connections will not be accepted from 24.34.204.22, because the ip is in Spamhaus's list; see http://postmaster.yahoo.com/550-bl23.html
Feb 24 16:30:58 centos1 postfix/smtp[9815]: 3D213688B: host mta5.am0.yahoodns.net[98.136.217.202] refused to talk to me: 553 5.7.1 [BL21] Connections will not be accepted from 24.34.204.22, because the ip is in Spamhaus's list; see http://postmaster.yahoo.com/550-bl23.html
Feb 24 16:30:58 centos1 postfix/smtp[9813]: CD4CE1ADC: to=<biztraumer@yahoo.com>, relay=mta7.am0.yahoodns.net[66.196.118.33]:25, delay=4670, delays=4669/0.01/0.71/0, dsn=4.7.1, status=deferred (host mta7.am0.yahoodns.net[66.196.118.33] refused to talk to me: 553 5.7.1 [BL21] Connections will not be accepted from 24.34.204.22, because the ip is in Spamhaus's list; see http://postmaster.yahoo.com/550-bl23.html)
Feb 24 16:30:58 centos1 postfix/smtp[9812]: 567507A1D: to=<biztraumer@yahoo.com>, relay=mta5.am0.yahoodns.net[66.196.118.34]:25, delay=2304, delays=2303/0.02/0.82/0, dsn=4.7.1, status=deferred (host mta5.am0.yahoodns.net[66.196.118.34] refused to talk to me: 553 5.7.1 [BL21] Connections will not be accepted from 24.34.204.22, because the ip is in Spamhaus's list; see http://postmaster.yahoo.com/550-bl23.html)
Feb 24 16:30:58 centos1 postfix/smtp[9815]: 3D213688B: host mta5.am0.yahoodns.net[66.94.238.147] refused to talk to me: 553 5.7.1 [BL21] Connections will not be accepted from 24.34.204.22, because the ip is in Spamhaus's list; see http://postmaster.yahoo.com/550-bl23.html
Feb 24 16:30:58 centos1 postfix/smtp[9814]: C5D931AE0: to=<biztraumer@yahoo.com>, relay=mta5.am0.yahoodns.net[98.136.216.25]:25, delay=4555, delays=4554/0.03/0.91/0, dsn=4.7.1, status=deferred (host mta5.am0.yahoodns.net[98.136.216.25] refused to talk to me: 553 5.7.1 [BL21] Connections will not be accepted from 24.34.204.22, because the ip is in Spamhaus's list; see http://postmaster.yahoo.com/550-bl23.html)
Feb 24 16:30:58 centos1 postfix/smtp[9815]: 3D213688B: to=<biztraumer@yahoo.com>, relay=mta5.am0.yahoodns.net[66.196.118.36]:25, delay=2340, delays=2339/0.03/0.93/0, dsn=4.7.1, status=deferred (host mta5.am0.yahoodns.net[66.196.118.36] refused to talk to me: 553 5.7.1 [BL21] Connections will not be accepted from 24.34.204.22, because the ip is in Spamhaus's list; see http://postmaster.yahoo.com/550-bl23.html)
Feb 24 16:40:57 centos1 postfix/qmgr[2101]: 45F9D1AE1: from=<root@centos1.localdomain>, size=684, nrcpt=1 (queue active)
Feb 24 16:40:57 centos1 postfix/qmgr[2101]: DE6841F07: from=<root@centos1.localdomain>, size=460, nrcpt=1 (queue active)
Feb 24 16:40:58 centos1 postfix/smtp[9959]: DE6841F07: host mta5.am0.yahoodns.net[66.94.237.139] refused to talk to me: 553 5.7.1 [BL21] Connections will not be accepted from 24.34.204.22, because the ip is in Spamhaus's list; see http://postmaster.yahoo.com/550-bl23.html
Feb 24 16:40:58 centos1 postfix/smtp[9958]: 45F9D1AE1: host mta6.am0.yahoodns.net[66.94.238.147] refused to talk to me: 553 5.7.1 [BL21] Connections will not be accepted from 24.34.204.22, because the ip is in Spamhaus's list; see http://postmaster.yahoo.com/550-bl23.html
Feb 24 16:40:58 centos1 postfix/smtp[9958]: 45F9D1AE1: host mta6.am0.yahoodns.net[67.195.168.230] refused to talk to me: 553 5.7.1 [BL21] Connections will not be accepted from 24.34.204.22, because the ip is in Spamhaus's list; see http://postmaster.yahoo.com/550-bl23.html
Feb 24 16:40:58 centos1 postfix/smtp[9958]: 45F9D1AE1: host mta7.am0.yahoodns.net[98.139.54.60] refused to talk to me: 553 5.7.1 [BL21] Connections will not be accepted from 24.34.204.22, because the ip is in Spamhaus's list; see http://postmaster.yahoo.com/550-bl23.html
Feb 24 16:40:58 centos1 postfix/smtp[9959]: DE6841F07: host mta5.am0.yahoodns.net[98.136.216.26] refused to talk to me: 553 5.7.1 [BL21] Connections will not be accepted from 24.34.204.22, because the ip is in Spamhaus's list; see http://postmaster.yahoo.com/550-bl23.html
Feb 24 16:40:58 centos1 postfix/smtp[9958]: 45F9D1AE1: host mta6.am0.yahoodns.net[66.196.118.33] refused to talk to me: 553 5.7.1 [BL21] Connections will not be accepted from 24.34.204.22, because the ip is in Spamhaus's list; see http://postmaster.yahoo.com/550-bl23.html
Feb 24 16:40:58 centos1 postfix/smtp[9959]: DE6841F07: host mta5.am0.yahoodns.net[66.94.237.64] refused to talk to me: 553 5.7.1 [BL21] Connections will not be accepted from 24.34.204.22, because the ip is in Spamhaus's list; see http://postmaster.yahoo.com/550-bl23.html
Feb 24 16:40:58 centos1 postfix/smtp[9958]: 45F9D1AE1: to=<biztraumer@yahoo.com>, relay=mta5.am0.yahoodns.net[74.6.136.244]:25, delay=4597, delays=4596/0.02/0.84/0, dsn=4.7.1, status=deferred (host mta5.am0.yahoodns.net[74.6.136.244] refused to talk to me: 553 5.7.1 [BL21] Connections will not be accepted from 24.34.204.22, because the ip is in Spamhaus's list; see http://postmaster.yahoo.com/550-bl23.html)
Feb 24 16:40:58 centos1 postfix/smtp[9959]: DE6841F07: host mta6.am0.yahoodns.net[67.195.168.230] refused to talk to me: 553 5.7.1 [BL21] Connections will not be accepted from 24.34.204.22, because the ip is in Spamhaus's list; see http://postmaster.yahoo.com/550-bl23.html
Feb 24 16:40:58 centos1 postfix/smtp[9959]: DE6841F07: to=<biztraumer@yahoo.com>, relay=mta6.am0.yahoodns.net[66.94.237.64]:25, delay=4565, delays=4564/0.01/1.2/0, dsn=4.4.2, status=deferred (lost connection with mta6.am0.yahoodns.net[66.94.237.64] while receiving the initial server greeting)
Feb 24 17:05:58 centos1 postfix/qmgr[2101]: D96AE7A1C: from=<admin@centos1.localdomain>, size=930, nrcpt=1 (queue active)
Feb 24 17:05:58 centos1 postfix/smtp[10319]: D96AE7A1C: lost connection with mta6.am0.yahoodns.net[67.195.168.230] while performing the HELO handshake
Feb 24 17:05:59 centos1 postfix/smtp[10319]: D96AE7A1C: lost connection with mta7.am0.yahoodns.net[98.138.112.38] while performing the HELO handshake
Feb 24 17:05:59 centos1 postfix/smtp[10319]: D96AE7A1C: host mta6.am0.yahoodns.net[98.136.217.202] refused to talk to me: 553 5.7.1 [BL21] Connections will not be accepted from 24.34.204.22, because the ip is in Spamhaus's list; see http://postmaster.yahoo.com/550-bl23.html
Feb 24 17:05:59 centos1 postfix/smtp[10319]: D96AE7A1C: lost connection with mta5.am0.yahoodns.net[66.94.237.139] while performing the HELO handshake
Feb 24 17:06:00 centos1 postfix/smtp[10319]: D96AE7A1C: to=<biztraumer@yahoo.com>, relay=mta7.am0.yahoodns.net[66.196.118.36]:25, delay=4745, delays=4743/0.02/1.7/0, dsn=4.7.1, status=deferred (host mta7.am0.yahoodns.net[66.196.118.36] refused to talk to me: 553 5.7.1 [BL21] Connections will not be accepted from 24.34.204.22, because the ip is in Spamhaus's list; see http://postmaster.yahoo.com/550-bl23.html)
Feb 24 17:10:58 centos1 postfix/qmgr[2101]: 567507A1D: from=<admin@centos1.localdomain>, size=691, nrcpt=1 (queue active)
Feb 24 17:10:58 centos1 postfix/qmgr[2101]: 3D213688B: from=<admin@centos1.localdomain>, size=701, nrcpt=1 (queue active)
Feb 24 17:10:58 centos1 postfix/smtp[10392]: 567507A1D: host mta6.am0.yahoodns.net[66.196.118.34] refused to talk to me: 553 5.7.1 [BL21] Connections will not be accepted from 24.34.204.22, because the ip is in Spamhaus's list; see http://postmaster.yahoo.com/550-bl23.html
Feb 24 17:10:58 centos1 postfix/smtp[10393]: 3D213688B: host mta7.am0.yahoodns.net[66.196.118.33] refused to talk to me: 553 5.7.1 [BL21] Connections will not be accepted from 24.34.204.22, because the ip is in Spamhaus's list; see http://postmaster.yahoo.com/550-bl23.html
Feb 24 17:10:58 centos1 postfix/smtp[10392]: 567507A1D: host mta6.am0.yahoodns.net[67.195.168.230] refused to talk to me: 553 5.7.1 [BL21] Connections will not be accepted from 24.34.204.22, because the ip is in Spamhaus's list; see http://postmaster.yahoo.com/550-bl23.html
Feb 24 17:10:58 centos1 postfix/smtp[10392]: 567507A1D: host mta5.am0.yahoodns.net[98.139.54.60] refused to talk to me: 553 5.7.1 [BL21] Connections will not be accepted from 24.34.204.22, because the ip is in Spamhaus's list; see http://postmaster.yahoo.com/550-bl23.html
Feb 24 17:10:58 centos1 postfix/smtp[10393]: 3D213688B: host mta6.am0.yahoodns.net[98.136.216.26] refused to talk to me: 553 5.7.1 [BL21] Connections will not be accepted from 24.34.204.22, because the ip is in Spamhaus's list; see http://postmaster.yahoo.com/550-bl23.html
Feb 24 17:10:58 centos1 postfix/smtp[10392]: 567507A1D: host mta5.am0.yahoodns.net[98.138.112.38] refused to talk to me: 553 5.7.1 [BL21] Connections will not be accepted from 24.34.204.22, because the ip is in Spamhaus's list; see http://postmaster.yahoo.com/550-bl23.html
Feb 24 17:10:58 centos1 postfix/smtp[10393]: 3D213688B: host mta7.am0.yahoodns.net[74.6.136.244] refused to talk to me: 553 5.7.1 [BL21] Connections will not be accepted from 24.34.204.22, because the ip is in Spamhaus's list; see http://postmaster.yahoo.com/550-bl23.html
Feb 24 17:10:58 centos1 postfix/smtp[10393]: 3D213688B: host mta7.am0.yahoodns.net[98.139.54.60] refused to talk to me: 553 5.7.1 [BL21] Connections will not be accepted from 24.34.204.22, because the ip is in Spamhaus's list; see http://postmaster.yahoo.com/550-bl23.html
Feb 24 17:10:58 centos1 postfix/smtp[10392]: 567507A1D: to=<biztraumer@yahoo.com>, relay=mta7.am0.yahoodns.net[66.94.237.139]:25, delay=4705, delays=4704/0.02/0.73/0, dsn=4.7.1, status=deferred (host mta7.am0.yahoodns.net[66.94.237.139] refused to talk to me: 553 5.7.1 [BL21] Connections will not be accepted from 24.34.204.22, because the ip is in Spamhaus's list; see http://postmaster.yahoo.com/550-bl23.html)
Feb 24 17:10:58 centos1 postfix/smtp[10393]: 3D213688B: to=<biztraumer@yahoo.com>, relay=mta5.am0.yahoodns.net[66.196.118.33]:25, delay=4741, delays=4740/0.01/0.79/0, dsn=4.7.1, status=deferred (host mta5.am0.yahoodns.net[66.196.118.33] refused to talk to me: 553 5.7.1 [BL21] Connections will not be accepted from 24.34.204.22, because the ip is in Spamhaus's list; see http://postmaster.yahoo.com/550-bl23.html)
Feb 24 17:40:58 centos1 postfix/qmgr[2101]: CD4CE1ADC: from=<admin@centos1.localdomain>, size=453, nrcpt=1 (queue active)
Feb 24 17:40:58 centos1 postfix/qmgr[2101]: C5D931AE0: from=<admin@centos1.localdomain>, size=672, nrcpt=1 (queue active)
Feb 24 17:40:59 centos1 postfix/smtp[10813]: CD4CE1ADC: host mta5.am0.yahoodns.net[66.196.118.34] refused to talk to me: 421 4.7.0 [GL01] Message from (24.34.204.22) temporarily deferred - 4.16.50. Please refer to http://postmaster.yahoo.com/errors/postmaster-21.html
Feb 24 17:40:59 centos1 postfix/smtp[10814]: C5D931AE0: to=<biztraumer@yahoo.com>, relay=mta7.am0.yahoodns.net[66.196.118.36]:25, delay=8755, delays=8755/0.01/0.48/0.08, dsn=2.0.0, status=sent (250 Mail queued for delivery.)
Feb 24 17:40:59 centos1 postfix/qmgr[2101]: C5D931AE0: removed
Feb 24 17:40:59 centos1 postfix/smtp[10813]: CD4CE1ADC: lost connection with mta6.am0.yahoodns.net[66.94.237.139] while performing the HELO handshake
Feb 24 17:40:59 centos1 postfix/smtp[10813]: CD4CE1ADC: host mta7.am0.yahoodns.net[66.196.118.36] refused to talk to me: 421 4.7.0 [GL01] Message from (24.34.204.22) temporarily deferred - 4.16.50. Please refer to http://postmaster.yahoo.com/errors/postmaster-21.html
Feb 24 17:40:59 centos1 postfix/smtp[10813]: CD4CE1ADC: to=<biztraumer@yahoo.com>, relay=mta7.am0.yahoodns.net[98.139.54.60]:25, delay=8872, delays=8871/0.02/1.2/0.05, dsn=2.0.0, status=sent (250 Mail queued for delivery.)
Feb 24 17:40:59 centos1 postfix/qmgr[2101]: CD4CE1ADC: removed
Feb 24 17:50:58 centos1 postfix/qmgr[2101]: 45F9D1AE1: from=<root@centos1.localdomain>, size=684, nrcpt=1 (queue active)
Feb 24 17:50:58 centos1 postfix/qmgr[2101]: DE6841F07: from=<root@centos1.localdomain>, size=460, nrcpt=1 (queue active)
Feb 24 17:50:58 centos1 postfix/smtp[10954]: 45F9D1AE1: host mta6.am0.yahoodns.net[66.94.237.139] refused to talk to me: 553 5.7.1 [BL21] Connections will not be accepted from 24.34.204.22, because the ip is in Spamhaus's list; see http://postmaster.yahoo.com/550-bl23.html
Feb 24 17:50:59 centos1 postfix/smtp[10954]: 45F9D1AE1: to=<biztraumer@yahoo.com>, relay=mta6.am0.yahoodns.net[66.196.118.34]:25, delay=8798, delays=8797/0.02/0.45/0.1, dsn=2.0.0, status=sent (250 Mail queued for delivery.)
Feb 24 17:50:59 centos1 postfix/qmgr[2101]: 45F9D1AE1: removed
Feb 24 17:50:59 centos1 postfix/smtp[10955]: DE6841F07: to=<biztraumer@yahoo.com>, relay=mta7.am0.yahoodns.net[98.136.216.25]:25, delay=8766, delays=8765/0.02/0.48/0.56, dsn=2.0.0, status=sent (250 Mail queued for delivery.)
Feb 24 17:50:59 centos1 postfix/qmgr[2101]: DE6841F07: removed
Feb 24 18:04:20 centos1 sendmail[11159]: r1ON4K15011159: from=admin, size=459, class=0, nrcpts=1, msgid=<201302242304.r1ON4K15011159@centos1.localdomain>, relay=root@localhost
Feb 24 18:04:21 centos1 sendmail[11159]: r1ON4K15011159: to=biztraumer@yahoo.com, ctladdr=admin (500/500), delay=00:00:01, xdelay=00:00:01, mailer=relay, pri=30459, relay=mail.nixcraft.net, dsn=5.1.2, stat=Host unknown (Name server: mail.nixcraft.net: host not found)
Feb 24 18:04:55 centos1 sendmail[11171]: r1ON4tdF011171: from=admin, size=454, class=0, nrcpts=1, msgid=<201302242304.r1ON4tdF011171@centos1.localdomain>, relay=admin@localhost
Feb 24 18:04:56 centos1 sendmail[11171]: r1ON4tdF011171: to=biztraumer@yahoo.com, ctladdr=admin (500/500), delay=00:00:01, xdelay=00:00:01, mailer=relay, pri=30454, relay=mail.nixcraft.net, dsn=5.1.2, stat=Host unknown (Name server: mail.nixcraft.net: host not found)
Feb 24 18:04:56 centos1 sendmail[11171]: r1ON4tdF011171: r1ON4tdG011171: DSN: Host unknown (Name server: mail.nixcraft.net: host not found)
Feb 24 18:04:56 centos1 sendmail[11171]: r1ON4tdG011171: to=admin, delay=00:00:00, xdelay=00:00:00, mailer=relay, pri=31478, relay=mail.nixcraft.net, dsn=5.1.2, stat=Host unknown (Name server: mail.nixcraft.net: host not found)
Feb 24 18:04:56 centos1 sendmail[11171]: r1ON4tdG011171: r1ON4tdH011171: return to sender: Host unknown (Name server: mail.nixcraft.net: host not found)
Feb 24 18:04:56 centos1 sendmail[11171]: r1ON4tdH011171: to=postmaster, delay=00:00:00, xdelay=00:00:00, mailer=relay, pri=32502, relay=mail.nixcraft.net, dsn=5.1.2, stat=Host unknown (Name server: mail.nixcraft.net: host not found)
Feb 24 18:04:56 centos1 sendmail[11171]: r1ON4tdG011171: Losing ./qfr1ON4tdG011171: savemail panic
Feb 24 18:04:56 centos1 sendmail[11171]: r1ON4tdG011171: SYSERR(admin): savemail: cannot save rejected email anywhere
Feb 24 18:06:18 centos1 sendmail[11229]: r1ON6IDQ011229: from=admin, size=293, class=0, nrcpts=1, msgid=<201302242306.r1ON6IDQ011229@centos1.localdomain>, relay=root@localhost
Feb 24 18:06:18 centos1 sendmail[11229]: r1ON6IDQ011229: to=biztraumer@yahoo.com, ctladdr=admin (500/500), delay=00:00:00, xdelay=00:00:00, mailer=relay, pri=30293, relay=mail.nixcraft.net, dsn=5.1.2, stat=Host unknown (Name server: mail.nixcraft.net: host not found)
Feb 24 18:07:22 centos1 sendmail[11248]: r1ON7MRm011248: from=admin, size=459, class=0, nrcpts=1, msgid=<201302242307.r1ON7MRm011248@centos1.localdomain>, relay=root@localhost
Feb 24 18:07:22 centos1 sendmail[11248]: r1ON7MRm011248: to=biztraumer@yahoo.com, ctladdr=admin (500/500), delay=00:00:00, xdelay=00:00:00, mailer=relay, pri=30459, relay=mail.nixcraft.net, dsn=5.1.2, stat=Host unknown (Name server: mail.nixcraft.net: host not found)
Feb 24 18:15:58 centos1 postfix/qmgr[2101]: D96AE7A1C: from=<admin@centos1.localdomain>, size=930, nrcpt=1 (queue active)
Feb 24 18:15:59 centos1 postfix/smtp[11372]: D96AE7A1C: lost connection with mta5.am0.yahoodns.net[98.136.216.25] while performing the HELO handshake
Feb 24 18:15:59 centos1 postfix/smtp[11372]: D96AE7A1C: lost connection with mta7.am0.yahoodns.net[66.94.237.64] while performing the HELO handshake
Feb 24 18:15:59 centos1 postfix/smtp[11372]: D96AE7A1C: lost connection with mta5.am0.yahoodns.net[98.136.217.202] while performing the HELO handshake
Feb 24 18:15:59 centos1 postfix/smtp[11372]: D96AE7A1C: host mta5.am0.yahoodns.net[66.94.237.139] refused to talk to me: 553 5.7.1 [BL21] Connections will not be accepted from 24.34.204.22, because the ip is in Spamhaus's list; see http://postmaster.yahoo.com/550-bl23.html
Feb 24 18:16:00 centos1 postfix/smtp[11372]: D96AE7A1C: to=<biztraumer@yahoo.com>, relay=mta6.am0.yahoodns.net[67.195.168.230]:25, delay=8945, delays=8944/0.02/1.5/0, dsn=4.4.2, status=deferred (lost connection with mta6.am0.yahoodns.net[67.195.168.230] while performing the HELO handshake)
Feb 24 18:20:58 centos1 postfix/qmgr[2101]: 567507A1D: from=<admin@centos1.localdomain>, size=691, nrcpt=1 (queue active)
Feb 24 18:20:58 centos1 postfix/qmgr[2101]: 3D213688B: from=<admin@centos1.localdomain>, size=701, nrcpt=1 (queue active)
Feb 24 18:20:58 centos1 postfix/smtp[11448]: 3D213688B: host mta6.am0.yahoodns.net[66.196.118.35] refused to talk to me: 553 5.7.1 [BL21] Connections will not be accepted from 24.34.204.22, because the ip is in Spamhaus's list; see http://postmaster.yahoo.com/550-bl23.html
Feb 24 18:20:58 centos1 postfix/smtp[11447]: 567507A1D: host mta7.am0.yahoodns.net[66.94.237.64] refused to talk to me: 553 5.7.1 [BL21] Connections will not be accepted from 24.34.204.22, because the ip is in Spamhaus's list; see http://postmaster.yahoo.com/550-bl23.html
Feb 24 18:20:58 centos1 postfix/smtp[11448]: 3D213688B: host mta6.am0.yahoodns.net[98.139.54.60] refused to talk to me: 553 5.7.1 [BL21] Connections will not be accepted from 24.34.204.22, because the ip is in Spamhaus's list; see http://postmaster.yahoo.com/550-bl23.html
Feb 24 18:20:59 centos1 postfix/smtp[11448]: 3D213688B: host mta6.am0.yahoodns.net[66.94.237.139] refused to talk to me: 553 5.7.1 [BL21] Connections will not be accepted from 24.34.204.22, because the ip is in Spamhaus's list; see http://postmaster.yahoo.com/550-bl23.html
Feb 24 18:20:59 centos1 postfix/smtp[11448]: 3D213688B: host mta7.am0.yahoodns.net[66.94.237.139] refused to talk to me: 553 5.7.1 [BL21] Connections will not be accepted from 24.34.204.22, because the ip is in Spamhaus's list; see http://postmaster.yahoo.com/550-bl23.html
Feb 24 18:20:59 centos1 postfix/smtp[11447]: 567507A1D: host mta7.am0.yahoodns.net[74.6.136.244] refused to talk to me: 553 5.7.1 [BL21] Connections will not be accepted from 24.34.204.22, because the ip is in Spamhaus's list; see http://postmaster.yahoo.com/550-bl23.html
Feb 24 18:20:59 centos1 postfix/smtp[11448]: 3D213688B: to=<biztraumer@yahoo.com>, relay=mta5.am0.yahoodns.net[98.139.54.60]:25, delay=8941, delays=8940/0.02/0.91/0, dsn=4.7.1, status=deferred (host mta5.am0.yahoodns.net[98.139.54.60] refused to talk to me: 553 5.7.1 [BL21] Connections will not be accepted from 24.34.204.22, because the ip is in Spamhaus's list; see http://postmaster.yahoo.com/550-bl23.html)
Feb 24 18:20:59 centos1 postfix/smtp[11447]: 567507A1D: host mta7.am0.yahoodns.net[98.136.216.26] refused to talk to me: 553 5.7.1 [BL21] Connections will not be accepted from 24.34.204.22, because the ip is in Spamhaus's list; see http://postmaster.yahoo.com/550-bl23.html
Feb 24 18:20:59 centos1 postfix/smtp[11447]: 567507A1D: host mta5.am0.yahoodns.net[98.139.54.60] refused to talk to me: 553 5.7.1 [BL21] Connections will not be accepted from 24.34.204.22, because the ip is in Spamhaus's list; see http://postmaster.yahoo.com/550-bl23.html
Feb 24 18:20:59 centos1 postfix/smtp[11447]: 567507A1D: to=<biztraumer@yahoo.com>, relay=mta6.am0.yahoodns.net[66.94.237.64]:25, delay=8905, delays=8904/0.02/1.3/0, dsn=4.7.1, status=deferred (host mta6.am0.yahoodns.net[66.94.237.64] refused to talk to me: 553 5.7.1 [BL21] Connections will not be accepted from 24.34.204.22, because the ip is in Spamhaus's list; see http://postmaster.yahoo.com/550-bl23.html)
Feb 24 19:25:58 centos1 postfix/qmgr[2101]: D96AE7A1C: from=<admin@centos1.localdomain>, size=930, nrcpt=1 (queue active)
Feb 24 19:25:59 centos1 postfix/smtp[12364]: D96AE7A1C: lost connection with mta7.am0.yahoodns.net[66.94.237.64] while performing the HELO handshake
Feb 24 19:25:59 centos1 postfix/smtp[12364]: D96AE7A1C: lost connection with mta7.am0.yahoodns.net[66.196.118.35] while performing the HELO handshake
Feb 24 19:25:59 centos1 postfix/smtp[12364]: D96AE7A1C: host mta6.am0.yahoodns.net[66.94.237.139] refused to talk to me: 553 5.7.1 [BL21] Connections will not be accepted from 24.34.204.22, because the ip is in Spamhaus's list; see http://postmaster.yahoo.com/550-bl23.html
Feb 24 19:25:59 centos1 postfix/smtp[12364]: D96AE7A1C: host mta6.am0.yahoodns.net[98.139.54.60] refused to talk to me: 553 5.7.1 [BL21] Connections will not be accepted from 24.34.204.22, because the ip is in Spamhaus's list; see http://postmaster.yahoo.com/550-bl23.html
Feb 24 19:26:00 centos1 postfix/smtp[12364]: D96AE7A1C: to=<biztraumer@yahoo.com>, relay=mta7.am0.yahoodns.net[66.196.118.36]:25, delay=13145, delays=13144/0.02/1.4/0, dsn=4.7.1, status=deferred (host mta7.am0.yahoodns.net[66.196.118.36] refused to talk to me: 553 5.7.1 [BL21] Connections will not be accepted from 24.34.204.22, because the ip is in Spamhaus's list; see http://postmaster.yahoo.com/550-bl23.html)
Feb 24 19:30:58 centos1 postfix/qmgr[2101]: 567507A1D: from=<admin@centos1.localdomain>, size=691, nrcpt=1 (queue active)
Feb 24 19:30:58 centos1 postfix/qmgr[2101]: 3D213688B: from=<admin@centos1.localdomain>, size=701, nrcpt=1 (queue active)
Feb 24 19:30:58 centos1 postfix/smtp[12437]: 567507A1D: host mta7.am0.yahoodns.net[66.196.118.34] refused to talk to me: 553 5.7.1 [BL21] Connections will not be accepted from 24.34.204.22, because the ip is in Spamhaus's list; see http://postmaster.yahoo.com/550-bl23.html
Feb 24 19:30:58 centos1 postfix/smtp[12438]: 3D213688B: host mta5.am0.yahoodns.net[98.136.216.25] refused to talk to me: 553 5.7.1 [BL21] Connections will not be accepted from 24.34.204.22, because the ip is in Spamhaus's list; see http://postmaster.yahoo.com/550-bl23.html
Feb 24 19:30:58 centos1 postfix/smtp[12437]: 567507A1D: host mta5.am0.yahoodns.net[98.136.216.25] refused to talk to me: 553 5.7.1 [BL21] Connections will not be accepted from 24.34.204.22, because the ip is in Spamhaus's list; see http://postmaster.yahoo.com/550-bl23.html
Feb 24 19:30:58 centos1 postfix/smtp[12438]: 3D213688B: host mta7.am0.yahoodns.net[98.136.217.202] refused to talk to me: 553 5.7.1 [BL21] Connections will not be accepted from 24.34.204.22, because the ip is in Spamhaus's list; see http://postmaster.yahoo.com/550-bl23.html
Feb 24 19:30:58 centos1 postfix/smtp[12437]: 567507A1D: host mta6.am0.yahoodns.net[98.136.216.26] refused to talk to me: 553 5.7.1 [BL21] Connections will not be accepted from 24.34.204.22, because the ip is in Spamhaus's list; see http://postmaster.yahoo.com/550-bl23.html
Feb 24 19:30:58 centos1 postfix/smtp[12438]: 3D213688B: host mta7.am0.yahoodns.net[98.139.54.60] refused to talk to me: 553 5.7.1 [BL21] Connections will not be accepted from 24.34.204.22, because the ip is in Spamhaus's list; see http://postmaster.yahoo.com/550-bl23.html
Feb 24 19:30:58 centos1 postfix/smtp[12437]: 567507A1D: host mta6.am0.yahoodns.net[66.196.118.34] refused to talk to me: 553 5.7.1 [BL21] Connections will not be accepted from 24.34.204.22, because the ip is in Spamhaus's list; see http://postmaster.yahoo.com/550-bl23.html
Feb 24 19:30:59 centos1 postfix/smtp[12437]: 567507A1D: to=<biztraumer@yahoo.com>, relay=mta5.am0.yahoodns.net[66.196.118.36]:25, delay=13105, delays=13104/0.02/0.8/0, dsn=4.7.1, status=deferred (host mta5.am0.yahoodns.net[66.196.118.36] refused to talk to me: 553 5.7.1 [BL21] Connections will not be accepted from 24.34.204.22, because the ip is in Spamhaus's list; see http://postmaster.yahoo.com/550-bl23.html)
Feb 24 19:30:59 centos1 postfix/smtp[12438]: 3D213688B: host mta5.am0.yahoodns.net[98.136.216.26] refused to talk to me: 553 5.7.1 [BL21] Connections will not be accepted from 24.34.204.22, because the ip is in Spamhaus's list; see http://postmaster.yahoo.com/550-bl23.html
Feb 24 19:30:59 centos1 postfix/smtp[12438]: 3D213688B: to=<biztraumer@yahoo.com>, relay=mta5.am0.yahoodns.net[66.196.118.33]:25, delay=13141, delays=13140/0.01/0.96/0, dsn=4.7.1, status=deferred (host mta5.am0.yahoodns.net[66.196.118.33] refused to talk to me: 553 5.7.1 [BL21] Connections will not be accepted from 24.34.204.22, because the ip is in Spamhaus's list; see http://postmaster.yahoo.com/550-bl23.html)
Feb 24 20:35:58 centos1 postfix/qmgr[2101]: D96AE7A1C: from=<admin@centos1.localdomain>, size=930, nrcpt=1 (queue active)
Feb 24 20:35:59 centos1 postfix/smtp[13373]: D96AE7A1C: lost connection with mta6.am0.yahoodns.net[98.139.54.60] while performing the HELO handshake
Feb 24 20:35:59 centos1 postfix/smtp[13373]: D96AE7A1C: lost connection with mta7.am0.yahoodns.net[66.94.237.64] while performing the HELO handshake
Feb 24 20:35:59 centos1 postfix/smtp[13373]: D96AE7A1C: host mta7.am0.yahoodns.net[66.196.118.33] refused to talk to me: 553 5.7.1 [BL21] Connections will not be accepted from 24.34.204.22, because the ip is in Spamhaus's list; see http://postmaster.yahoo.com/550-bl23.html
Feb 24 20:35:59 centos1 postfix/smtp[13373]: D96AE7A1C: host mta6.am0.yahoodns.net[66.196.118.35] refused to talk to me: 553 5.7.1 [BL21] Connections will not be accepted from 24.34.204.22, because the ip is in Spamhaus's list; see http://postmaster.yahoo.com/550-bl23.html
Feb 24 20:35:59 centos1 postfix/smtp[13373]: D96AE7A1C: to=<biztraumer@yahoo.com>, relay=mta7.am0.yahoodns.net[67.195.168.230]:25, delay=17345, delays=17343/0.03/1.7/0, dsn=4.7.1, status=deferred (host mta7.am0.yahoodns.net[67.195.168.230] refused to talk to me: 553 5.7.1 [BL21] Connections will not be accepted from 24.34.204.22, because the ip is in Spamhaus's list; see http://postmaster.yahoo.com/550-bl23.html)
Feb 24 20:40:58 centos1 postfix/qmgr[2101]: 567507A1D: from=<admin@centos1.localdomain>, size=691, nrcpt=1 (queue active)
Feb 24 20:40:58 centos1 postfix/qmgr[2101]: 3D213688B: from=<admin@centos1.localdomain>, size=701, nrcpt=1 (queue active)
Feb 24 20:40:58 centos1 postfix/smtp[13446]: 567507A1D: host mta5.am0.yahoodns.net[66.196.118.33] refused to talk to me: 553 5.7.1 [BL21] Connections will not be accepted from 24.34.204.22, because the ip is in Spamhaus's list; see http://postmaster.yahoo.com/550-bl23.html
Feb 24 20:40:58 centos1 postfix/smtp[13446]: 567507A1D: host mta5.am0.yahoodns.net[66.94.237.64] refused to talk to me: 553 5.7.1 [BL21] Connections will not be accepted from 24.34.204.22, because the ip is in Spamhaus's list; see http://postmaster.yahoo.com/550-bl23.html
Feb 24 20:40:58 centos1 postfix/smtp[13447]: 3D213688B: host mta7.am0.yahoodns.net[66.94.237.139] refused to talk to me: 553 5.7.1 [BL21] Connections will not be accepted from 24.34.204.22, because the ip is in Spamhaus's list; see http://postmaster.yahoo.com/550-bl23.html
Feb 24 20:40:58 centos1 postfix/smtp[13446]: 567507A1D: host mta5.am0.yahoodns.net[66.196.118.36] refused to talk to me: 553 5.7.1 [BL21] Connections will not be accepted from 24.34.204.22, because the ip is in Spamhaus's list; see http://postmaster.yahoo.com/550-bl23.html
Feb 24 20:40:58 centos1 postfix/smtp[13447]: 3D213688B: host mta7.am0.yahoodns.net[66.196.118.34] refused to talk to me: 553 5.7.1 [BL21] Connections will not be accepted from 24.34.204.22, because the ip is in Spamhaus's list; see http://postmaster.yahoo.com/550-bl23.html
Feb 24 20:40:58 centos1 postfix/smtp[13446]: 567507A1D: host mta5.am0.yahoodns.net[66.196.118.35] refused to talk to me: 553 5.7.1 [BL21] Connections will not be accepted from 24.34.204.22, because the ip is in Spamhaus's list; see http://postmaster.yahoo.com/550-bl23.html
Feb 24 20:40:58 centos1 postfix/smtp[13447]: 3D213688B: host mta5.am0.yahoodns.net[74.6.136.244] refused to talk to me: 553 5.7.1 [BL21] Connections will not be accepted from 24.34.204.22, because the ip is in Spamhaus's list; see http://postmaster.yahoo.com/550-bl23.html
Feb 24 20:40:59 centos1 postfix/smtp[13446]: 567507A1D: to=<biztraumer@yahoo.com>, relay=mta6.am0.yahoodns.net[98.138.112.38]:25, delay=17305, delays=17304/0.02/0.87/0, dsn=4.7.1, status=deferred (host mta6.am0.yahoodns.net[98.138.112.38] refused to talk to me: 553 5.7.1 [BL21] Connections will not be accepted from 24.34.204.22, because the ip is in Spamhaus's list; see http://postmaster.yahoo.com/550-bl23.html)
Feb 24 20:40:59 centos1 postfix/smtp[13447]: 3D213688B: host mta6.am0.yahoodns.net[66.94.237.139] refused to talk to me: 553 5.7.1 [BL21] Connections will not be accepted from 24.34.204.22, because the ip is in Spamhaus's list; see http://postmaster.yahoo.com/550-bl23.html
Feb 24 20:40:59 centos1 postfix/smtp[13447]: 3D213688B: to=<biztraumer@yahoo.com>, relay=mta6.am0.yahoodns.net[98.136.216.26]:25, delay=17341, delays=17340/0.02/1.2/0, dsn=4.7.1, status=deferred (host mta6.am0.yahoodns.net[98.136.216.26] refused to talk to me: 553 5.7.1 [BL21] Connections will not be accepted from 24.34.204.22, because the ip is in Spamhaus's list; see http://postmaster.yahoo.com/550-bl23.html)
Feb 24 21:45:58 centos1 postfix/qmgr[2101]: D96AE7A1C: from=<admin@centos1.localdomain>, size=930, nrcpt=1 (queue active)
Feb 24 21:45:59 centos1 postfix/smtp[14422]: D96AE7A1C: to=<biztraumer@yahoo.com>, relay=mta7.am0.yahoodns.net[66.196.118.33]:25, delay=21544, delays=21543/0.02/0.82/0.09, dsn=2.0.0, status=sent (250 Mail queued for delivery.)
Feb 24 21:45:59 centos1 postfix/qmgr[2101]: D96AE7A1C: removed
Feb 24 21:50:58 centos1 postfix/qmgr[2101]: 567507A1D: from=<admin@centos1.localdomain>, size=691, nrcpt=1 (queue active)
Feb 24 21:50:58 centos1 postfix/qmgr[2101]: 3D213688B: from=<admin@centos1.localdomain>, size=701, nrcpt=1 (queue active)
Feb 24 21:50:59 centos1 postfix/smtp[14495]: 3D213688B: to=<biztraumer@yahoo.com>, relay=mta6.am0.yahoodns.net[66.94.238.147]:25, delay=21541, delays=21540/0.02/0.84/0.16, dsn=2.0.0, status=sent (250 Mail queued for delivery.)
Feb 24 21:50:59 centos1 postfix/qmgr[2101]: 3D213688B: removed
Feb 24 21:50:59 centos1 postfix/smtp[14494]: 567507A1D: lost connection with mta5.am0.yahoodns.net[66.94.238.147] while performing the HELO handshake
Feb 24 21:51:08 centos1 postfix/smtp[14494]: 567507A1D: host mta7.am0.yahoodns.net[66.94.237.64] refused to talk to me: 553 5.7.1 [BL21] Connections will not be accepted from 24.34.204.22, because the ip is in Spamhaus's list; see http://postmaster.yahoo.com/550-bl23.html
Feb 24 21:51:09 centos1 postfix/smtp[14494]: 567507A1D: to=<biztraumer@yahoo.com>, relay=mta6.am0.yahoodns.net[98.136.216.25]:25, delay=21515, delays=21504/0.02/11/0.23, dsn=2.0.0, status=sent (250 Mail queued for delivery.)
Feb 24 21:51:09 centos1 postfix/qmgr[2101]: 567507A1D: removed
Feb 25 00:06:57 centos1 sendmail[16433]: r1P56vQT016433: from=admin, size=459, class=0, nrcpts=1, msgid=<201302250506.r1P56vQT016433@centos1.localdomain>, relay=root@localhost
Feb 25 00:06:57 centos1 sendmail[16433]: r1P56vQT016433: to=biztraumer@yahoo.com, ctladdr=admin (500/500), delay=00:00:00, xdelay=00:00:00, mailer=relay, pri=30459, relay=mail.nixcraft.net, dsn=5.1.2, stat=Host unknown (Name server: mail.nixcraft.net: host not found)
Feb 25 00:07:56 centos1 sendmail[16452]: r1P57uhL016452: from=admin, size=464, class=0, nrcpts=1, msgid=<201302250507.r1P57uhL016452@centos1.localdomain>, relay=root@localhost
Feb 25 00:07:56 centos1 sendmail[16452]: r1P57uhL016452: to=biztraumer@yahoo.com, ctladdr=admin (500/500), delay=00:00:00, xdelay=00:00:00, mailer=relay, pri=30464, relay=mail.nixcraft.net, dsn=5.1.2, stat=Host unknown (Name server: mail.nixcraft.net: host not found)
Feb 25 00:11:09 centos1 sendmail[16507]: r1P5B9Oc016507: from=admin, size=474, class=0, nrcpts=1, msgid=<201302250511.r1P5B9Oc016507@centos1.localdomain>, relay=admin@localhost
Feb 25 00:11:09 centos1 sendmail[16507]: r1P5B9Oc016507: to=brucetermini@yahoo.com, ctladdr=admin (500/500), delay=00:00:00, xdelay=00:00:00, mailer=relay, pri=30474, relay=mail.nixcraft.net, dsn=5.1.2, stat=Host unknown (Name server: mail.nixcraft.net: host not found)
Feb 25 00:11:09 centos1 sendmail[16507]: r1P5B9Oc016507: r1P5B9Od016507: DSN: Host unknown (Name server: mail.nixcraft.net: host not found)
Feb 25 00:11:09 centos1 sendmail[16507]: r1P5B9Od016507: to=admin, delay=00:00:00, xdelay=00:00:00, mailer=relay, pri=31498, relay=mail.nixcraft.net, dsn=5.1.2, stat=Host unknown (Name server: mail.nixcraft.net: host not found)
Feb 25 00:11:09 centos1 sendmail[16507]: r1P5B9Od016507: r1P5B9Oe016507: return to sender: Host unknown (Name server: mail.nixcraft.net: host not found)
Feb 25 00:11:09 centos1 sendmail[16507]: r1P5B9Oe016507: to=postmaster, delay=00:00:00, xdelay=00:00:00, mailer=relay, pri=32522, relay=mail.nixcraft.net, dsn=5.1.2, stat=Host unknown (Name server: mail.nixcraft.net: host not found)
Feb 25 00:11:09 centos1 sendmail[16507]: r1P5B9Od016507: Losing ./qfr1P5B9Od016507: savemail panic
Feb 25 00:11:09 centos1 sendmail[16507]: r1P5B9Od016507: SYSERR(admin): savemail: cannot save rejected email anywhere
Feb 25 08:09:00 centos1 sendmail[2002]: starting daemon (8.14.4): queueing@01:00:00
Feb 25 08:09:01 centos1 sm-msp-queue[2010]: starting daemon (8.14.4): queueing@01:00:00
Feb 26 11:25:07 centos1 sendmail[2035]: starting daemon (8.14.4): queueing@01:00:00
Feb 26 11:25:07 centos1 sm-msp-queue[2043]: starting daemon (8.14.4): queueing@01:00:00
Feb 27 11:15:05 centos1 sendmail[2000]: starting daemon (8.14.4): queueing@01:00:00
Feb 27 11:15:05 centos1 sm-msp-queue[2008]: starting daemon (8.14.4): queueing@01:00:00
Feb 28 10:17:55 centos1 sendmail[2013]: starting daemon (8.14.4): queueing@01:00:00
Feb 28 10:17:55 centos1 sm-msp-queue[2021]: starting daemon (8.14.4): queueing@01:00:00
